in_forth: |-
  10 10 = . cr
  253 132 = . cr
  253 132 < . cr
  1023 4513 < . cr
  31212 32333 > . cr
  31212 132 > . cr
  halt
in_stdin: ''
out_stdout: |
  1
  0
  0
  1
  0
  1
out_trace: |-
  |   TIME |        A |        B |        C | IP       | CR       | AR       | PS       | DRR      |      DRW |   DS_SP | DS_TOP   | DS_PRV   |   RS_SP |   RS_TOP |   RS_PRV |    IO_RD |
  |--------|----------|----------|----------|----------|----------|----------|----------|----------|----------|---------|----------|----------|---------|----------|----------|----------|
  |    242 | 00000000 | 00000000 | 00000000 | 00000001 | 2000000a | 00000000 | 00000000 | 2000000a | 00000000 |      01 | 0000000a | 00000000 |      00 | 00000000 | 00000000 | 00000000 |
  |    502 | 00000000 | 00000000 | 00000000 | 00000002 | 2000000a | 00000001 | 00000000 | 2000000a | 00000000 |      02 | 0000000a | 0000000a |      00 | 00000000 | 00000000 | 00000000 |
  |    762 | 00000000 | 00000000 | 00000000 | 00000003 | 30400000 | 00000002 | 00000005 | 30400000 | 00000000 |      01 | 00000001 | 00000000 |      00 | 00000000 | 00000000 | 00000000 |
  |   1022 | 00000000 | 00000000 | 00000000 | 00000004 | 20000012 | 00000003 | 00000005 | 20000012 | 00000000 |      02 | 00000012 | 00000001 |      00 | 00000000 | 00000000 | 00000000 |
  |   1302 | 00000000 | 00000000 | 00000000 | 00000005 | 00300000 | 00000004 | 00000005 | 00300000 | 00000000 |      00 | 00000000 | 00000000 |      00 | 00000000 | 00000000 | 00000000 |
  |   1562 | 00000000 | 00000000 | 00000000 | 00000006 | 2000000a | 00000005 | 00000005 | 2000000a | 00000000 |      01 | 0000000a | 00000000 |      00 | 00000000 | 00000000 | 00000000 |
  |   1822 | 00000000 | 00000000 | 00000000 | 00000007 | 20000011 | 00000006 | 00000005 | 20000011 | 00000000 |      02 | 00000011 | 0000000a |      00 | 00000000 | 00000000 | 00000000 |
  |   2102 | 00000000 | 00000000 | 00000000 | 00000008 | 00300000 | 00000007 | 00000005 | 00300000 | 00000000 |      00 | 00000000 | 00000000 |      00 | 00000000 | 00000000 | 00000000 |
  |   2362 | 00000000 | 00000000 | 00000000 | 00000009 | 200000fd | 00000008 | 00000005 | 200000fd | 00000000 |      01 | 000000fd | 00000000 |      00 | 00000000 | 00000000 | 00000000 |
  |   2622 | 00000000 | 00000000 | 00000000 | 0000000a | 20000084 | 00000009 | 00000005 | 20000084 | 00000000 |      02 | 00000084 | 000000fd |      00 | 00000000 | 00000000 | 00000000 |
  |   2882 | 00000000 | 00000000 | 00000000 | 0000000b | 30400000 | 0000000a | 00000004 | 30400000 | 00000000 |      01 | 00000000 | 00000000 |      00 | 00000000 | 00000000 | 00000000 |
  |   3142 | 00000000 | 00000000 | 00000000 | 0000000c | 20000012 | 0000000b | 00000004 | 20000012 | 00000000 |      02 | 00000012 | 00000000 |      00 | 00000000 | 00000000 | 00000000 |
  |   3422 | 00000000 | 00000000 | 00000000 | 0000000d | 00300000 | 0000000c | 00000004 | 00300000 | 00000000 |      00 | 00000000 | 00000000 |      00 | 00000000 | 00000000 | 00000000 |
  |   3682 | 00000000 | 00000000 | 00000000 | 0000000e | 2000000a | 0000000d | 00000004 | 2000000a | 00000000 |      01 | 0000000a | 00000000 |      00 | 00000000 | 00000000 | 00000000 |
  |   3942 | 00000000 | 00000000 | 00000000 | 0000000f | 20000011 | 0000000e | 00000004 | 20000011 | 00000000 |      02 | 00000011 | 0000000a |      00 | 00000000 | 00000000 | 00000000 |
  |   4222 | 00000000 | 00000000 | 00000000 | 00000010 | 00300000 | 0000000f | 00000004 | 00300000 | 00000000 |      00 | 00000000 | 00000000 |      00 | 00000000 | 00000000 | 00000000 |
  |   4482 | 00000000 | 00000000 | 00000000 | 00000011 | 200000fd | 00000010 | 00000004 | 200000fd | 00000000 |      01 | 000000fd | 00000000 |      00 | 00000000 | 00000000 | 00000000 |
  |   4742 | 00000000 | 00000000 | 00000000 | 00000012 | 20000084 | 00000011 | 00000004 | 20000084 | 00000000 |      02 | 00000084 | 000000fd |      00 | 00000000 | 00000000 | 00000000 |
  |   5062 | 00000000 | 00000000 | 00000000 | 00000013 | 30200000 | 00000012 | 00000004 | 30200000 | 00000000 |      01 | 00000000 | 00000000 |      00 | 00000000 | 00000000 | 00000000 |
  |   5322 | 00000000 | 00000000 | 00000000 | 00000014 | 20000012 | 00000013 | 00000004 | 20000012 | 00000000 |      02 | 00000012 | 00000000 |      00 | 00000000 | 00000000 | 00000000 |
  |   5602 | 00000000 | 00000000 | 00000000 | 00000015 | 00300000 | 00000014 | 00000004 | 00300000 | 00000000 |      00 | 00000000 | 00000000 |      00 | 00000000 | 00000000 | 00000000 |
  |   5862 | 00000000 | 00000000 | 00000000 | 00000016 | 2000000a | 00000015 | 00000004 | 2000000a | 00000000 |      01 | 0000000a | 00000000 |      00 | 00000000 | 00000000 | 00000000 |
  |   6122 | 00000000 | 00000000 | 00000000 | 00000017 | 20000011 | 00000016 | 00000004 | 20000011 | 00000000 |      02 | 00000011 | 0000000a |      00 | 00000000 | 00000000 | 00000000 |
  |   6402 | 00000000 | 00000000 | 00000000 | 00000018 | 00300000 | 00000017 | 00000004 | 00300000 | 00000000 |      00 | 00000000 | 00000000 |      00 | 00000000 | 00000000 | 00000000 |
  |   6662 | 00000000 | 00000000 | 00000000 | 00000019 | 200003ff | 00000018 | 00000004 | 200003ff | 00000000 |      01 | 000003ff | 00000000 |      00 | 00000000 | 00000000 | 00000000 |
  |   6922 | 00000000 | 00000000 | 00000000 | 0000001a | 200011a1 | 00000019 | 00000004 | 200011a1 | 00000000 |      02 | 000011a1 | 000003ff |      00 | 00000000 | 00000000 | 00000000 |
  |   7282 | 00000000 | 00000000 | 00000000 | 0000001b | 30200000 | 0000001a | 0000000a | 30200000 | 00000000 |      01 | 00000001 | 00000000 |      00 | 00000000 | 00000000 | 00000000 |
  |   7542 | 00000000 | 00000000 | 00000000 | 0000001c | 20000012 | 0000001b | 0000000a | 20000012 | 00000000 |      02 | 00000012 | 00000001 |      00 | 00000000 | 00000000 | 00000000 |
  |   7822 | 00000000 | 00000000 | 00000000 | 0000001d | 00300000 | 0000001c | 0000000a | 00300000 | 00000000 |      00 | 00000000 | 00000000 |      00 | 00000000 | 00000000 | 00000000 |
  |   8082 | 00000000 | 00000000 | 00000000 | 0000001e | 2000000a | 0000001d | 0000000a | 2000000a | 00000000 |      01 | 0000000a | 00000000 |      00 | 00000000 | 00000000 | 00000000 |
  |   8342 | 00000000 | 00000000 | 00000000 | 0000001f | 20000011 | 0000001e | 0000000a | 20000011 | 00000000 |      02 | 00000011 | 0000000a |      00 | 00000000 | 00000000 | 00000000 |
  |   8622 | 00000000 | 00000000 | 00000000 | 00000020 | 00300000 | 0000001f | 0000000a | 00300000 | 00000000 |      00 | 00000000 | 00000000 |      00 | 00000000 | 00000000 | 00000000 |
  |   8882 | 00000000 | 00000000 | 00000000 | 00000021 | 200079ec | 00000020 | 0000000a | 200079ec | 00000000 |      01 | 000079ec | 00000000 |      00 | 00000000 | 00000000 | 00000000 |
  |   9142 | 00000000 | 00000000 | 00000000 | 00000022 | 20007e4d | 00000021 | 0000000a | 20007e4d | 00000000 |      02 | 00007e4d | 000079ec |      00 | 00000000 | 00000000 | 00000000 |
  |   9482 | 00000000 | 00000000 | 00000000 | 00000023 | 30300000 | 00000022 | 00000004 | 30300000 | 00000000 |      01 | 00000000 | 00000000 |      00 | 00000000 | 00000000 | 00000000 |
  |   9742 | 00000000 | 00000000 | 00000000 | 00000024 | 20000012 | 00000023 | 00000004 | 20000012 | 00000000 |      02 | 00000012 | 00000000 |      00 | 00000000 | 00000000 | 00000000 |
  |  10022 | 00000000 | 00000000 | 00000000 | 00000025 | 00300000 | 00000024 | 00000004 | 00300000 | 00000000 |      00 | 00000000 | 00000000 |      00 | 00000000 | 00000000 | 00000000 |
  |  10282 | 00000000 | 00000000 | 00000000 | 00000026 | 2000000a | 00000025 | 00000004 | 2000000a | 00000000 |      01 | 0000000a | 00000000 |      00 | 00000000 | 00000000 | 00000000 |
  |  10542 | 00000000 | 00000000 | 00000000 | 00000027 | 20000011 | 00000026 | 00000004 | 20000011 | 00000000 |      02 | 00000011 | 0000000a |      00 | 00000000 | 00000000 | 00000000 |
  |  10822 | 00000000 | 00000000 | 00000000 | 00000028 | 00300000 | 00000027 | 00000004 | 00300000 | 00000000 |      00 | 00000000 | 00000000 |      00 | 00000000 | 00000000 | 00000000 |
  |  11082 | 00000000 | 00000000 | 00000000 | 00000029 | 200079ec | 00000028 | 00000004 | 200079ec | 00000000 |      01 | 000079ec | 00000000 |      00 | 00000000 | 00000000 | 00000000 |
  |  11342 | 00000000 | 00000000 | 00000000 | 0000002a | 20000084 | 00000029 | 00000004 | 20000084 | 00000000 |      02 | 00000084 | 000079ec |      00 | 00000000 | 00000000 | 00000000 |
  |  11722 | 00000000 | 00000000 | 00000000 | 0000002b | 30300000 | 0000002a | 0000000a | 30300000 | 00000000 |      01 | 00000001 | 00000000 |      00 | 00000000 | 00000000 | 00000000 |
  |  11982 | 00000000 | 00000000 | 00000000 | 0000002c | 20000012 | 0000002b | 0000000a | 20000012 | 00000000 |      02 | 00000012 | 00000001 |      00 | 00000000 | 00000000 | 00000000 |
  |  12262 | 00000000 | 00000000 | 00000000 | 0000002d | 00300000 | 0000002c | 0000000a | 00300000 | 00000000 |      00 | 00000000 | 00000000 |      00 | 00000000 | 00000000 | 00000000 |
  |  12522 | 00000000 | 00000000 | 00000000 | 0000002e | 2000000a | 0000002d | 0000000a | 2000000a | 00000000 |      01 | 0000000a | 00000000 |      00 | 00000000 | 00000000 | 00000000 |
  |  12782 | 00000000 | 00000000 | 00000000 | 0000002f | 20000011 | 0000002e | 0000000a | 20000011 | 00000000 |      02 | 00000011 | 0000000a |      00 | 00000000 | 00000000 | 00000000 |
  |  13062 | 00000000 | 00000000 | 00000000 | 00000030 | 00300000 | 0000002f | 0000000a | 00300000 | 00000000 |      00 | 00000000 | 00000000 |      00 | 00000000 | 00000000 | 00000000 |
out_compiled: |-
  000: <ISTKPSH>(I|10)
  001: <ISTKPSH>(I|10)
  002: <CEQ>
  003: <ISTKPSH>(I|18)
  004: <OUT>
  005: <ISTKPSH>(I|10)
  006: <ISTKPSH>(I|17)
  007: <OUT>
  008: <ISTKPSH>(I|253)
  009: <ISTKPSH>(I|132)
  010: <CEQ>
  011: <ISTKPSH>(I|18)
  012: <OUT>
  013: <ISTKPSH>(I|10)
  014: <ISTKPSH>(I|17)
  015: <OUT>
  016: <ISTKPSH>(I|253)
  017: <ISTKPSH>(I|132)
  018: <CLTS>
  019: <ISTKPSH>(I|18)
  020: <OUT>
  021: <ISTKPSH>(I|10)
  022: <ISTKPSH>(I|17)
  023: <OUT>
  024: <ISTKPSH>(I|1023)
  025: <ISTKPSH>(I|4513)
  026: <CLTS>
  027: <ISTKPSH>(I|18)
  028: <OUT>
  029: <ISTKPSH>(I|10)
  030: <ISTKPSH>(I|17)
  031: <OUT>
  032: <ISTKPSH>(I|31212)
  033: <ISTKPSH>(I|32333)
  034: <CGTS>
  035: <ISTKPSH>(I|18)
  036: <OUT>
  037: <ISTKPSH>(I|10)
  038: <ISTKPSH>(I|17)
  039: <OUT>
  040: <ISTKPSH>(I|31212)
  041: <ISTKPSH>(I|132)
  042: <CGTS>
  043: <ISTKPSH>(I|18)
  044: <OUT>
  045: <ISTKPSH>(I|10)
  046: <ISTKPSH>(I|17)
  047: <OUT>
  048: <HLT>
logs: |
  [INFO] machine.io.dev_printer: at 1262 WRITE DEV 10 REG 02 VAL 00000001
  [INFO] machine.io.dev_printer: at 2062 WRITE DEV 10 REG 01 VAL 0000000a
  [INFO] machine.io.dev_printer: at 3382 WRITE DEV 10 REG 02 VAL 00000000
  [INFO] machine.io.dev_printer: at 4182 WRITE DEV 10 REG 01 VAL 0000000a
  [INFO] machine.io.dev_printer: at 5562 WRITE DEV 10 REG 02 VAL 00000000
  [INFO] machine.io.dev_printer: at 6362 WRITE DEV 10 REG 01 VAL 0000000a
  [INFO] machine.io.dev_printer: at 7782 WRITE DEV 10 REG 02 VAL 00000001
  [INFO] machine.io.dev_printer: at 8582 WRITE DEV 10 REG 01 VAL 0000000a
  [INFO] machine.io.dev_printer: at 9982 WRITE DEV 10 REG 02 VAL 00000000
  [INFO] machine.io.dev_printer: at 10782 WRITE DEV 10 REG 01 VAL 0000000a
  [INFO] machine.io.dev_printer: at 12222 WRITE DEV 10 REG 02 VAL 00000001
  [INFO] machine.io.dev_printer: at 13022 WRITE DEV 10 REG 01 VAL 0000000a
