in_forth: |-
  : whiletest begin key dup emit 46 = until 36 emit ;
  whiletest
  halt
in_stdin: abcde, fgh! help.
out_stdout: |-
  abcde, fgh! help.$
out_trace: |-
  |   TIME |        A |        B |        C | IP       | CR       | AR       | PS       | DRR      |      DRW |   DS_SP | DS_TOP   | DS_PRV   |   RS_SP |   RS_TOP |   RS_PRV | IO_RD    |
  |--------|----------|----------|----------|----------|----------|----------|----------|----------|----------|---------|----------|----------|---------|----------|----------|----------|
  |    282 | 00000000 | 00000000 | 00000000 | 00000002 | 40300001 | 00000000 | 00000000 | 40300001 | 00000000 |      00 | 00000000 | 00000000 |      01 | 00000001 | 00000000 | 00000000 |
  |    542 | 00000000 | 00000000 | 00000000 | 00000003 | 20000021 | 00000002 | 00000000 | 20000021 | 00000000 |      01 | 00000021 | 00000000 |      01 | 00000001 | 00000000 | 00000000 |
  |    802 | 00000000 | 00000000 | 00000000 | 00000004 | 00200000 | 00000003 | 00000000 | 00200000 | 00000000 |      01 | 00000061 | 00000000 |      01 | 00000001 | 00000000 | 00000061 |
  |   1102 | 00000000 | 00000000 | 00000000 | 00000005 | 20500000 | 00000004 | 00000000 | 20500000 | 00000000 |      02 | 00000061 | 00000061 |      01 | 00000001 | 00000000 | 00000061 |
  |   1362 | 00000000 | 00000000 | 00000000 | 00000006 | 20000011 | 00000005 | 00000000 | 20000011 | 00000000 |      03 | 00000011 | 00000061 |      01 | 00000001 | 00000000 | 00000061 |
  |   1642 | 00000000 | 00000000 | 00000000 | 00000007 | 00300000 | 00000006 | 00000000 | 00300000 | 00000000 |      01 | 00000061 | 00000000 |      01 | 00000001 | 00000000 | 00000061 |
  |   1902 | 00000000 | 00000000 | 00000000 | 00000008 | 2000002e | 00000007 | 00000000 | 2000002e | 00000000 |      02 | 0000002e | 00000061 |      01 | 00000001 | 00000000 | 00000061 |
  |   2162 | 00000000 | 00000000 | 00000000 | 00000009 | 30400000 | 00000008 | 00000004 | 30400000 | 00000000 |      01 | 00000000 | 00000000 |      01 | 00000001 | 00000000 | 00000061 |
  |   2462 | 00000000 | 00000000 | 00000000 | 00000002 | 4020fff8 | 00000009 | 00000004 | 4020fff8 | 00000000 |      00 | 00000000 | 00000000 |      01 | 00000001 | 00000000 | 00000061 |
  |   2722 | 00000000 | 00000000 | 00000000 | 00000003 | 20000021 | 00000002 | 00000004 | 20000021 | 00000000 |      01 | 00000021 | 00000000 |      01 | 00000001 | 00000000 | 00000061 |
  |   2982 | 00000000 | 00000000 | 00000000 | 00000004 | 00200000 | 00000003 | 00000004 | 00200000 | 00000000 |      01 | 00000062 | 00000000 |      01 | 00000001 | 00000000 | 00000062 |
  |   3282 | 00000000 | 00000000 | 00000000 | 00000005 | 20500000 | 00000004 | 00000004 | 20500000 | 00000000 |      02 | 00000062 | 00000062 |      01 | 00000001 | 00000000 | 00000062 |
  |   3542 | 00000000 | 00000000 | 00000000 | 00000006 | 20000011 | 00000005 | 00000004 | 20000011 | 00000000 |      03 | 00000011 | 00000062 |      01 | 00000001 | 00000000 | 00000062 |
  |   3822 | 00000000 | 00000000 | 00000000 | 00000007 | 00300000 | 00000006 | 00000004 | 00300000 | 00000000 |      01 | 00000062 | 00000000 |      01 | 00000001 | 00000000 | 00000062 |
  |   4082 | 00000000 | 00000000 | 00000000 | 00000008 | 2000002e | 00000007 | 00000004 | 2000002e | 00000000 |      02 | 0000002e | 00000062 |      01 | 00000001 | 00000000 | 00000062 |
  |   4342 | 00000000 | 00000000 | 00000000 | 00000009 | 30400000 | 00000008 | 00000004 | 30400000 | 00000000 |      01 | 00000000 | 00000000 |      01 | 00000001 | 00000000 | 00000062 |
  |   4642 | 00000000 | 00000000 | 00000000 | 00000002 | 4020fff8 | 00000009 | 00000004 | 4020fff8 | 00000000 |      00 | 00000000 | 00000000 |      01 | 00000001 | 00000000 | 00000062 |
  |   4902 | 00000000 | 00000000 | 00000000 | 00000003 | 20000021 | 00000002 | 00000004 | 20000021 | 00000000 |      01 | 00000021 | 00000000 |      01 | 00000001 | 00000000 | 00000062 |
  |   5162 | 00000000 | 00000000 | 00000000 | 00000004 | 00200000 | 00000003 | 00000004 | 00200000 | 00000000 |      01 | 00000063 | 00000000 |      01 | 00000001 | 00000000 | 00000063 |
  |   5462 | 00000000 | 00000000 | 00000000 | 00000005 | 20500000 | 00000004 | 00000004 | 20500000 | 00000000 |      02 | 00000063 | 00000063 |      01 | 00000001 | 00000000 | 00000063 |
  |   5722 | 00000000 | 00000000 | 00000000 | 00000006 | 20000011 | 00000005 | 00000004 | 20000011 | 00000000 |      03 | 00000011 | 00000063 |      01 | 00000001 | 00000000 | 00000063 |
  |   6002 | 00000000 | 00000000 | 00000000 | 00000007 | 00300000 | 00000006 | 00000004 | 00300000 | 00000000 |      01 | 00000063 | 00000000 |      01 | 00000001 | 00000000 | 00000063 |
  |   6262 | 00000000 | 00000000 | 00000000 | 00000008 | 2000002e | 00000007 | 00000004 | 2000002e | 00000000 |      02 | 0000002e | 00000063 |      01 | 00000001 | 00000000 | 00000063 |
  |   6522 | 00000000 | 00000000 | 00000000 | 00000009 | 30400000 | 00000008 | 00000004 | 30400000 | 00000000 |      01 | 00000000 | 00000000 |      01 | 00000001 | 00000000 | 00000063 |
  |   6822 | 00000000 | 00000000 | 00000000 | 00000002 | 4020fff8 | 00000009 | 00000004 | 4020fff8 | 00000000 |      00 | 00000000 | 00000000 |      01 | 00000001 | 00000000 | 00000063 |
  |   7082 | 00000000 | 00000000 | 00000000 | 00000003 | 20000021 | 00000002 | 00000004 | 20000021 | 00000000 |      01 | 00000021 | 00000000 |      01 | 00000001 | 00000000 | 00000063 |
  |   7342 | 00000000 | 00000000 | 00000000 | 00000004 | 00200000 | 00000003 | 00000004 | 00200000 | 00000000 |      01 | 00000064 | 00000000 |      01 | 00000001 | 00000000 | 00000064 |
  |   7642 | 00000000 | 00000000 | 00000000 | 00000005 | 20500000 | 00000004 | 00000004 | 20500000 | 00000000 |      02 | 00000064 | 00000064 |      01 | 00000001 | 00000000 | 00000064 |
  |   7902 | 00000000 | 00000000 | 00000000 | 00000006 | 20000011 | 00000005 | 00000004 | 20000011 | 00000000 |      03 | 00000011 | 00000064 |      01 | 00000001 | 00000000 | 00000064 |
  |   8182 | 00000000 | 00000000 | 00000000 | 00000007 | 00300000 | 00000006 | 00000004 | 00300000 | 00000000 |      01 | 00000064 | 00000000 |      01 | 00000001 | 00000000 | 00000064 |
  |   8442 | 00000000 | 00000000 | 00000000 | 00000008 | 2000002e | 00000007 | 00000004 | 2000002e | 00000000 |      02 | 0000002e | 00000064 |      01 | 00000001 | 00000000 | 00000064 |
  |   8702 | 00000000 | 00000000 | 00000000 | 00000009 | 30400000 | 00000008 | 00000004 | 30400000 | 00000000 |      01 | 00000000 | 00000000 |      01 | 00000001 | 00000000 | 00000064 |
  |   9002 | 00000000 | 00000000 | 00000000 | 00000002 | 4020fff8 | 00000009 | 00000004 | 4020fff8 | 00000000 |      00 | 00000000 | 00000000 |      01 | 00000001 | 00000000 | 00000064 |
  |   9262 | 00000000 | 00000000 | 00000000 | 00000003 | 20000021 | 00000002 | 00000004 | 20000021 | 00000000 |      01 | 00000021 | 00000000 |      01 | 00000001 | 00000000 | 00000064 |
  |   9522 | 00000000 | 00000000 | 00000000 | 00000004 | 00200000 | 00000003 | 00000004 | 00200000 | 00000000 |      01 | 00000065 | 00000000 |      01 | 00000001 | 00000000 | 00000065 |
  |   9822 | 00000000 | 00000000 | 00000000 | 00000005 | 20500000 | 00000004 | 00000004 | 20500000 | 00000000 |      02 | 00000065 | 00000065 |      01 | 00000001 | 00000000 | 00000065 |
  |  10082 | 00000000 | 00000000 | 00000000 | 00000006 | 20000011 | 00000005 | 00000004 | 20000011 | 00000000 |      03 | 00000011 | 00000065 |      01 | 00000001 | 00000000 | 00000065 |
  |  10362 | 00000000 | 00000000 | 00000000 | 00000007 | 00300000 | 00000006 | 00000004 | 00300000 | 00000000 |      01 | 00000065 | 00000000 |      01 | 00000001 | 00000000 | 00000065 |
  |  10622 | 00000000 | 00000000 | 00000000 | 00000008 | 2000002e | 00000007 | 00000004 | 2000002e | 00000000 |      02 | 0000002e | 00000065 |      01 | 00000001 | 00000000 | 00000065 |
  |  10882 | 00000000 | 00000000 | 00000000 | 00000009 | 30400000 | 00000008 | 00000004 | 30400000 | 00000000 |      01 | 00000000 | 00000000 |      01 | 00000001 | 00000000 | 00000065 |
  |  11182 | 00000000 | 00000000 | 00000000 | 00000002 | 4020fff8 | 00000009 | 00000004 | 4020fff8 | 00000000 |      00 | 00000000 | 00000000 |      01 | 00000001 | 00000000 | 00000065 |
  |  11442 | 00000000 | 00000000 | 00000000 | 00000003 | 20000021 | 00000002 | 00000004 | 20000021 | 00000000 |      01 | 00000021 | 00000000 |      01 | 00000001 | 00000000 | 00000065 |
  |  11702 | 00000000 | 00000000 | 00000000 | 00000004 | 00200000 | 00000003 | 00000004 | 00200000 | 00000000 |      01 | 0000002c | 00000000 |      01 | 00000001 | 00000000 | 0000002c |
  |  12002 | 00000000 | 00000000 | 00000000 | 00000005 | 20500000 | 00000004 | 00000004 | 20500000 | 00000000 |      02 | 0000002c | 0000002c |      01 | 00000001 | 00000000 | 0000002c |
  |  12262 | 00000000 | 00000000 | 00000000 | 00000006 | 20000011 | 00000005 | 00000004 | 20000011 | 00000000 |      03 | 00000011 | 0000002c |      01 | 00000001 | 00000000 | 0000002c |
  |  12542 | 00000000 | 00000000 | 00000000 | 00000007 | 00300000 | 00000006 | 00000004 | 00300000 | 00000000 |      01 | 0000002c | 00000000 |      01 | 00000001 | 00000000 | 0000002c |
  |  12802 | 00000000 | 00000000 | 00000000 | 00000008 | 2000002e | 00000007 | 00000004 | 2000002e | 00000000 |      02 | 0000002e | 0000002c |      01 | 00000001 | 00000000 | 0000002c |
  |  13062 | 00000000 | 00000000 | 00000000 | 00000009 | 30400000 | 00000008 | 0000000a | 30400000 | 00000000 |      01 | 00000000 | 00000000 |      01 | 00000001 | 00000000 | 0000002c |
  |  13362 | 00000000 | 00000000 | 00000000 | 00000002 | 4020fff8 | 00000009 | 0000000a | 4020fff8 | 00000000 |      00 | 00000000 | 00000000 |      01 | 00000001 | 00000000 | 0000002c |
  |  13622 | 00000000 | 00000000 | 00000000 | 00000003 | 20000021 | 00000002 | 0000000a | 20000021 | 00000000 |      01 | 00000021 | 00000000 |      01 | 00000001 | 00000000 | 0000002c |
  |  13882 | 00000000 | 00000000 | 00000000 | 00000004 | 00200000 | 00000003 | 0000000a | 00200000 | 00000000 |      01 | 00000020 | 00000000 |      01 | 00000001 | 00000000 | 00000020 |
  |  14182 | 00000000 | 00000000 | 00000000 | 00000005 | 20500000 | 00000004 | 0000000a | 20500000 | 00000000 |      02 | 00000020 | 00000020 |      01 | 00000001 | 00000000 | 00000020 |
  |  14442 | 00000000 | 00000000 | 00000000 | 00000006 | 20000011 | 00000005 | 0000000a | 20000011 | 00000000 |      03 | 00000011 | 00000020 |      01 | 00000001 | 00000000 | 00000020 |
  |  14722 | 00000000 | 00000000 | 00000000 | 00000007 | 00300000 | 00000006 | 0000000a | 00300000 | 00000000 |      01 | 00000020 | 00000000 |      01 | 00000001 | 00000000 | 00000020 |
  |  14982 | 00000000 | 00000000 | 00000000 | 00000008 | 2000002e | 00000007 | 0000000a | 2000002e | 00000000 |      02 | 0000002e | 00000020 |      01 | 00000001 | 00000000 | 00000020 |
  |  15242 | 00000000 | 00000000 | 00000000 | 00000009 | 30400000 | 00000008 | 0000000a | 30400000 | 00000000 |      01 | 00000000 | 00000000 |      01 | 00000001 | 00000000 | 00000020 |
  |  15542 | 00000000 | 00000000 | 00000000 | 00000002 | 4020fff8 | 00000009 | 0000000a | 4020fff8 | 00000000 |      00 | 00000000 | 00000000 |      01 | 00000001 | 00000000 | 00000020 |
  |  15802 | 00000000 | 00000000 | 00000000 | 00000003 | 20000021 | 00000002 | 0000000a | 20000021 | 00000000 |      01 | 00000021 | 00000000 |      01 | 00000001 | 00000000 | 00000020 |
  |  16062 | 00000000 | 00000000 | 00000000 | 00000004 | 00200000 | 00000003 | 0000000a | 00200000 | 00000000 |      01 | 00000066 | 00000000 |      01 | 00000001 | 00000000 | 00000066 |
  |  16362 | 00000000 | 00000000 | 00000000 | 00000005 | 20500000 | 00000004 | 0000000a | 20500000 | 00000000 |      02 | 00000066 | 00000066 |      01 | 00000001 | 00000000 | 00000066 |
  |  16622 | 00000000 | 00000000 | 00000000 | 00000006 | 20000011 | 00000005 | 0000000a | 20000011 | 00000000 |      03 | 00000011 | 00000066 |      01 | 00000001 | 00000000 | 00000066 |
  |  16902 | 00000000 | 00000000 | 00000000 | 00000007 | 00300000 | 00000006 | 0000000a | 00300000 | 00000000 |      01 | 00000066 | 00000000 |      01 | 00000001 | 00000000 | 00000066 |
  |  17162 | 00000000 | 00000000 | 00000000 | 00000008 | 2000002e | 00000007 | 0000000a | 2000002e | 00000000 |      02 | 0000002e | 00000066 |      01 | 00000001 | 00000000 | 00000066 |
  |  17422 | 00000000 | 00000000 | 00000000 | 00000009 | 30400000 | 00000008 | 00000004 | 30400000 | 00000000 |      01 | 00000000 | 00000000 |      01 | 00000001 | 00000000 | 00000066 |
  |  17722 | 00000000 | 00000000 | 00000000 | 00000002 | 4020fff8 | 00000009 | 00000004 | 4020fff8 | 00000000 |      00 | 00000000 | 00000000 |      01 | 00000001 | 00000000 | 00000066 |
  |  17982 | 00000000 | 00000000 | 00000000 | 00000003 | 20000021 | 00000002 | 00000004 | 20000021 | 00000000 |      01 | 00000021 | 00000000 |      01 | 00000001 | 00000000 | 00000066 |
  |  18242 | 00000000 | 00000000 | 00000000 | 00000004 | 00200000 | 00000003 | 00000004 | 00200000 | 00000000 |      01 | 00000067 | 00000000 |      01 | 00000001 | 00000000 | 00000067 |
  |  18542 | 00000000 | 00000000 | 00000000 | 00000005 | 20500000 | 00000004 | 00000004 | 20500000 | 00000000 |      02 | 00000067 | 00000067 |      01 | 00000001 | 00000000 | 00000067 |
  |  18802 | 00000000 | 00000000 | 00000000 | 00000006 | 20000011 | 00000005 | 00000004 | 20000011 | 00000000 |      03 | 00000011 | 00000067 |      01 | 00000001 | 00000000 | 00000067 |
  |  19082 | 00000000 | 00000000 | 00000000 | 00000007 | 00300000 | 00000006 | 00000004 | 00300000 | 00000000 |      01 | 00000067 | 00000000 |      01 | 00000001 | 00000000 | 00000067 |
  |  19342 | 00000000 | 00000000 | 00000000 | 00000008 | 2000002e | 00000007 | 00000004 | 2000002e | 00000000 |      02 | 0000002e | 00000067 |      01 | 00000001 | 00000000 | 00000067 |
  |  19602 | 00000000 | 00000000 | 00000000 | 00000009 | 30400000 | 00000008 | 00000004 | 30400000 | 00000000 |      01 | 00000000 | 00000000 |      01 | 00000001 | 00000000 | 00000067 |
  |  19902 | 00000000 | 00000000 | 00000000 | 00000002 | 4020fff8 | 00000009 | 00000004 | 4020fff8 | 00000000 |      00 | 00000000 | 00000000 |      01 | 00000001 | 00000000 | 00000067 |
  |  20162 | 00000000 | 00000000 | 00000000 | 00000003 | 20000021 | 00000002 | 00000004 | 20000021 | 00000000 |      01 | 00000021 | 00000000 |      01 | 00000001 | 00000000 | 00000067 |
  |  20422 | 00000000 | 00000000 | 00000000 | 00000004 | 00200000 | 00000003 | 00000004 | 00200000 | 00000000 |      01 | 00000068 | 00000000 |      01 | 00000001 | 00000000 | 00000068 |
  |  20722 | 00000000 | 00000000 | 00000000 | 00000005 | 20500000 | 00000004 | 00000004 | 20500000 | 00000000 |      02 | 00000068 | 00000068 |      01 | 00000001 | 00000000 | 00000068 |
  |  20982 | 00000000 | 00000000 | 00000000 | 00000006 | 20000011 | 00000005 | 00000004 | 20000011 | 00000000 |      03 | 00000011 | 00000068 |      01 | 00000001 | 00000000 | 00000068 |
  |  21262 | 00000000 | 00000000 | 00000000 | 00000007 | 00300000 | 00000006 | 00000004 | 00300000 | 00000000 |      01 | 00000068 | 00000000 |      01 | 00000001 | 00000000 | 00000068 |
  |  21522 | 00000000 | 00000000 | 00000000 | 00000008 | 2000002e | 00000007 | 00000004 | 2000002e | 00000000 |      02 | 0000002e | 00000068 |      01 | 00000001 | 00000000 | 00000068 |
  |  21782 | 00000000 | 00000000 | 00000000 | 00000009 | 30400000 | 00000008 | 00000004 | 30400000 | 00000000 |      01 | 00000000 | 00000000 |      01 | 00000001 | 00000000 | 00000068 |
  |  22082 | 00000000 | 00000000 | 00000000 | 00000002 | 4020fff8 | 00000009 | 00000004 | 4020fff8 | 00000000 |      00 | 00000000 | 00000000 |      01 | 00000001 | 00000000 | 00000068 |
  |  22342 | 00000000 | 00000000 | 00000000 | 00000003 | 20000021 | 00000002 | 00000004 | 20000021 | 00000000 |      01 | 00000021 | 00000000 |      01 | 00000001 | 00000000 | 00000068 |
  |  22602 | 00000000 | 00000000 | 00000000 | 00000004 | 00200000 | 00000003 | 00000004 | 00200000 | 00000000 |      01 | 00000021 | 00000000 |      01 | 00000001 | 00000000 | 00000021 |
  |  22902 | 00000000 | 00000000 | 00000000 | 00000005 | 20500000 | 00000004 | 00000004 | 20500000 | 00000000 |      02 | 00000021 | 00000021 |      01 | 00000001 | 00000000 | 00000021 |
  |  23162 | 00000000 | 00000000 | 00000000 | 00000006 | 20000011 | 00000005 | 00000004 | 20000011 | 00000000 |      03 | 00000011 | 00000021 |      01 | 00000001 | 00000000 | 00000021 |
  |  23442 | 00000000 | 00000000 | 00000000 | 00000007 | 00300000 | 00000006 | 00000004 | 00300000 | 00000000 |      01 | 00000021 | 00000000 |      01 | 00000001 | 00000000 | 00000021 |
  |  23702 | 00000000 | 00000000 | 00000000 | 00000008 | 2000002e | 00000007 | 00000004 | 2000002e | 00000000 |      02 | 0000002e | 00000021 |      01 | 00000001 | 00000000 | 00000021 |
  |  23962 | 00000000 | 00000000 | 00000000 | 00000009 | 30400000 | 00000008 | 0000000a | 30400000 | 00000000 |      01 | 00000000 | 00000000 |      01 | 00000001 | 00000000 | 00000021 |
  |  24262 | 00000000 | 00000000 | 00000000 | 00000002 | 4020fff8 | 00000009 | 0000000a | 4020fff8 | 00000000 |      00 | 00000000 | 00000000 |      01 | 00000001 | 00000000 | 00000021 |
  |  24522 | 00000000 | 00000000 | 00000000 | 00000003 | 20000021 | 00000002 | 0000000a | 20000021 | 00000000 |      01 | 00000021 | 00000000 |      01 | 00000001 | 00000000 | 00000021 |
  |  24782 | 00000000 | 00000000 | 00000000 | 00000004 | 00200000 | 00000003 | 0000000a | 00200000 | 00000000 |      01 | 00000020 | 00000000 |      01 | 00000001 | 00000000 | 00000020 |
  |  25082 | 00000000 | 00000000 | 00000000 | 00000005 | 20500000 | 00000004 | 0000000a | 20500000 | 00000000 |      02 | 00000020 | 00000020 |      01 | 00000001 | 00000000 | 00000020 |
  |  25342 | 00000000 | 00000000 | 00000000 | 00000006 | 20000011 | 00000005 | 0000000a | 20000011 | 00000000 |      03 | 00000011 | 00000020 |      01 | 00000001 | 00000000 | 00000020 |
  |  25622 | 00000000 | 00000000 | 00000000 | 00000007 | 00300000 | 00000006 | 0000000a | 00300000 | 00000000 |      01 | 00000020 | 00000000 |      01 | 00000001 | 00000000 | 00000020 |
  |  25882 | 00000000 | 00000000 | 00000000 | 00000008 | 2000002e | 00000007 | 0000000a | 2000002e | 00000000 |      02 | 0000002e | 00000020 |      01 | 00000001 | 00000000 | 00000020 |
  |  26142 | 00000000 | 00000000 | 00000000 | 00000009 | 30400000 | 00000008 | 0000000a | 30400000 | 00000000 |      01 | 00000000 | 00000000 |      01 | 00000001 | 00000000 | 00000020 |
  |  26442 | 00000000 | 00000000 | 00000000 | 00000002 | 4020fff8 | 00000009 | 0000000a | 4020fff8 | 00000000 |      00 | 00000000 | 00000000 |      01 | 00000001 | 00000000 | 00000020 |
  |  26702 | 00000000 | 00000000 | 00000000 | 00000003 | 20000021 | 00000002 | 0000000a | 20000021 | 00000000 |      01 | 00000021 | 00000000 |      01 | 00000001 | 00000000 | 00000020 |
  |  26962 | 00000000 | 00000000 | 00000000 | 00000004 | 00200000 | 00000003 | 0000000a | 00200000 | 00000000 |      01 | 00000068 | 00000000 |      01 | 00000001 | 00000000 | 00000068 |
  |  27262 | 00000000 | 00000000 | 00000000 | 00000005 | 20500000 | 00000004 | 0000000a | 20500000 | 00000000 |      02 | 00000068 | 00000068 |      01 | 00000001 | 00000000 | 00000068 |
  |  27522 | 00000000 | 00000000 | 00000000 | 00000006 | 20000011 | 00000005 | 0000000a | 20000011 | 00000000 |      03 | 00000011 | 00000068 |      01 | 00000001 | 00000000 | 00000068 |
  |  27802 | 00000000 | 00000000 | 00000000 | 00000007 | 00300000 | 00000006 | 0000000a | 00300000 | 00000000 |      01 | 00000068 | 00000000 |      01 | 00000001 | 00000000 | 00000068 |
  |  28062 | 00000000 | 00000000 | 00000000 | 00000008 | 2000002e | 00000007 | 0000000a | 2000002e | 00000000 |      02 | 0000002e | 00000068 |      01 | 00000001 | 00000000 | 00000068 |
  |  28322 | 00000000 | 00000000 | 00000000 | 00000009 | 30400000 | 00000008 | 00000004 | 30400000 | 00000000 |      01 | 00000000 | 00000000 |      01 | 00000001 | 00000000 | 00000068 |
  |  28622 | 00000000 | 00000000 | 00000000 | 00000002 | 4020fff8 | 00000009 | 00000004 | 4020fff8 | 00000000 |      00 | 00000000 | 00000000 |      01 | 00000001 | 00000000 | 00000068 |
  |  28882 | 00000000 | 00000000 | 00000000 | 00000003 | 20000021 | 00000002 | 00000004 | 20000021 | 00000000 |      01 | 00000021 | 00000000 |      01 | 00000001 | 00000000 | 00000068 |
  |  29142 | 00000000 | 00000000 | 00000000 | 00000004 | 00200000 | 00000003 | 00000004 | 00200000 | 00000000 |      01 | 00000065 | 00000000 |      01 | 00000001 | 00000000 | 00000065 |
  |  29442 | 00000000 | 00000000 | 00000000 | 00000005 | 20500000 | 00000004 | 00000004 | 20500000 | 00000000 |      02 | 00000065 | 00000065 |      01 | 00000001 | 00000000 | 00000065 |
  |  29702 | 00000000 | 00000000 | 00000000 | 00000006 | 20000011 | 00000005 | 00000004 | 20000011 | 00000000 |      03 | 00000011 | 00000065 |      01 | 00000001 | 00000000 | 00000065 |
  |  29982 | 00000000 | 00000000 | 00000000 | 00000007 | 00300000 | 00000006 | 00000004 | 00300000 | 00000000 |      01 | 00000065 | 00000000 |      01 | 00000001 | 00000000 | 00000065 |
  |  30242 | 00000000 | 00000000 | 00000000 | 00000008 | 2000002e | 00000007 | 00000004 | 2000002e | 00000000 |      02 | 0000002e | 00000065 |      01 | 00000001 | 00000000 | 00000065 |
  |  30502 | 00000000 | 00000000 | 00000000 | 00000009 | 30400000 | 00000008 | 00000004 | 30400000 | 00000000 |      01 | 00000000 | 00000000 |      01 | 00000001 | 00000000 | 00000065 |
  |  30802 | 00000000 | 00000000 | 00000000 | 00000002 | 4020fff8 | 00000009 | 00000004 | 4020fff8 | 00000000 |      00 | 00000000 | 00000000 |      01 | 00000001 | 00000000 | 00000065 |
  |  31062 | 00000000 | 00000000 | 00000000 | 00000003 | 20000021 | 00000002 | 00000004 | 20000021 | 00000000 |      01 | 00000021 | 00000000 |      01 | 00000001 | 00000000 | 00000065 |
  |  31322 | 00000000 | 00000000 | 00000000 | 00000004 | 00200000 | 00000003 | 00000004 | 00200000 | 00000000 |      01 | 0000006c | 00000000 |      01 | 00000001 | 00000000 | 0000006c |
  |  31622 | 00000000 | 00000000 | 00000000 | 00000005 | 20500000 | 00000004 | 00000004 | 20500000 | 00000000 |      02 | 0000006c | 0000006c |      01 | 00000001 | 00000000 | 0000006c |
  |  31882 | 00000000 | 00000000 | 00000000 | 00000006 | 20000011 | 00000005 | 00000004 | 20000011 | 00000000 |      03 | 00000011 | 0000006c |      01 | 00000001 | 00000000 | 0000006c |
  |  32162 | 00000000 | 00000000 | 00000000 | 00000007 | 00300000 | 00000006 | 00000004 | 00300000 | 00000000 |      01 | 0000006c | 00000000 |      01 | 00000001 | 00000000 | 0000006c |
  |  32422 | 00000000 | 00000000 | 00000000 | 00000008 | 2000002e | 00000007 | 00000004 | 2000002e | 00000000 |      02 | 0000002e | 0000006c |      01 | 00000001 | 00000000 | 0000006c |
  |  32682 | 00000000 | 00000000 | 00000000 | 00000009 | 30400000 | 00000008 | 00000004 | 30400000 | 00000000 |      01 | 00000000 | 00000000 |      01 | 00000001 | 00000000 | 0000006c |
  |  32982 | 00000000 | 00000000 | 00000000 | 00000002 | 4020fff8 | 00000009 | 00000004 | 4020fff8 | 00000000 |      00 | 00000000 | 00000000 |      01 | 00000001 | 00000000 | 0000006c |
  |  33242 | 00000000 | 00000000 | 00000000 | 00000003 | 20000021 | 00000002 | 00000004 | 20000021 | 00000000 |      01 | 00000021 | 00000000 |      01 | 00000001 | 00000000 | 0000006c |
  |  33502 | 00000000 | 00000000 | 00000000 | 00000004 | 00200000 | 00000003 | 00000004 | 00200000 | 00000000 |      01 | 00000070 | 00000000 |      01 | 00000001 | 00000000 | 00000070 |
  |  33802 | 00000000 | 00000000 | 00000000 | 00000005 | 20500000 | 00000004 | 00000004 | 20500000 | 00000000 |      02 | 00000070 | 00000070 |      01 | 00000001 | 00000000 | 00000070 |
  |  34062 | 00000000 | 00000000 | 00000000 | 00000006 | 20000011 | 00000005 | 00000004 | 20000011 | 00000000 |      03 | 00000011 | 00000070 |      01 | 00000001 | 00000000 | 00000070 |
  |  34342 | 00000000 | 00000000 | 00000000 | 00000007 | 00300000 | 00000006 | 00000004 | 00300000 | 00000000 |      01 | 00000070 | 00000000 |      01 | 00000001 | 00000000 | 00000070 |
  |  34602 | 00000000 | 00000000 | 00000000 | 00000008 | 2000002e | 00000007 | 00000004 | 2000002e | 00000000 |      02 | 0000002e | 00000070 |      01 | 00000001 | 00000000 | 00000070 |
  |  34862 | 00000000 | 00000000 | 00000000 | 00000009 | 30400000 | 00000008 | 00000004 | 30400000 | 00000000 |      01 | 00000000 | 00000000 |      01 | 00000001 | 00000000 | 00000070 |
  |  35162 | 00000000 | 00000000 | 00000000 | 00000002 | 4020fff8 | 00000009 | 00000004 | 4020fff8 | 00000000 |      00 | 00000000 | 00000000 |      01 | 00000001 | 00000000 | 00000070 |
  |  35422 | 00000000 | 00000000 | 00000000 | 00000003 | 20000021 | 00000002 | 00000004 | 20000021 | 00000000 |      01 | 00000021 | 00000000 |      01 | 00000001 | 00000000 | 00000070 |
  |  35682 | 00000000 | 00000000 | 00000000 | 00000004 | 00200000 | 00000003 | 00000004 | 00200000 | 00000000 |      01 | 0000002e | 00000000 |      01 | 00000001 | 00000000 | 0000002e |
  |  35982 | 00000000 | 00000000 | 00000000 | 00000005 | 20500000 | 00000004 | 00000004 | 20500000 | 00000000 |      02 | 0000002e | 0000002e |      01 | 00000001 | 00000000 | 0000002e |
  |  36242 | 00000000 | 00000000 | 00000000 | 00000006 | 20000011 | 00000005 | 00000004 | 20000011 | 00000000 |      03 | 00000011 | 0000002e |      01 | 00000001 | 00000000 | 0000002e |
  |  36522 | 00000000 | 00000000 | 00000000 | 00000007 | 00300000 | 00000006 | 00000004 | 00300000 | 00000000 |      01 | 0000002e | 00000000 |      01 | 00000001 | 00000000 | 0000002e |
  |  36782 | 00000000 | 00000000 | 00000000 | 00000008 | 2000002e | 00000007 | 00000004 | 2000002e | 00000000 |      02 | 0000002e | 0000002e |      01 | 00000001 | 00000000 | 0000002e |
  |  37042 | 00000000 | 00000000 | 00000000 | 00000009 | 30400000 | 00000008 | 00000005 | 30400000 | 00000000 |      01 | 00000001 | 00000000 |      01 | 00000001 | 00000000 | 0000002e |
  |  37322 | 00000000 | 00000000 | 00000000 | 0000000a | 4020fff8 | 00000009 | 00000005 | 4020fff8 | 00000000 |      00 | 00000000 | 00000000 |      01 | 00000001 | 00000000 | 0000002e |
  |  37582 | 00000000 | 00000000 | 00000000 | 0000000b | 20000024 | 0000000a | 00000005 | 20000024 | 00000000 |      01 | 00000024 | 00000000 |      01 | 00000001 | 00000000 | 0000002e |
  |  37842 | 00000000 | 00000000 | 00000000 | 0000000c | 20000011 | 0000000b | 00000005 | 20000011 | 00000000 |      02 | 00000011 | 00000024 |      01 | 00000001 | 00000000 | 0000002e |
  |  38122 | 00000000 | 00000000 | 00000000 | 0000000d | 00300000 | 0000000c | 00000005 | 00300000 | 00000000 |      00 | 00000000 | 00000000 |      01 | 00000001 | 00000000 | 0000002e |
  |  38382 | 00000000 | 00000000 | 00000000 | 00000001 | 40400000 | 0000000d | 00000005 | 40400000 | 00000000 |      00 | 00000000 | 00000000 |      00 | 00000000 | 00000000 | 0000002e |
out_compiled: |-
  000: <RCALL>(I|1)
  001: <HLT>
  002: <ISTKPSH>(I|33)
  003: <IN>
  004: <STKDUP>
  005: <ISTKPSH>(I|17)
  006: <OUT>
  007: <ISTKPSH>(I|46)
  008: <CEQ>
  009: <CJMP>(I|-8)
  010: <ISTKPSH>(I|36)
  011: <ISTKPSH>(I|17)
  012: <OUT>
  013: <RET>
logs: |
  [INFO] machine.io.dev_keyboard: READ DEV 20 REG 01 762 0
  [INFO] machine.io.io_controller: IOCTRL READ FROM 0021 is 00000061
  [INFO] machine.io.dev_printer: at 1602 WRITE DEV 10 REG 01 VAL 00000061
  [INFO] machine.io.dev_keyboard: READ DEV 20 REG 01 2942 762
  [INFO] machine.io.io_controller: IOCTRL READ FROM 0021 is 00000062
  [INFO] machine.io.dev_printer: at 3782 WRITE DEV 10 REG 01 VAL 00000062
  [INFO] machine.io.dev_keyboard: READ DEV 20 REG 01 5122 2942
  [INFO] machine.io.io_controller: IOCTRL READ FROM 0021 is 00000063
  [INFO] machine.io.dev_printer: at 5962 WRITE DEV 10 REG 01 VAL 00000063
  [INFO] machine.io.dev_keyboard: READ DEV 20 REG 01 7302 5122
  [INFO] machine.io.io_controller: IOCTRL READ FROM 0021 is 00000064
  [INFO] machine.io.dev_printer: at 8142 WRITE DEV 10 REG 01 VAL 00000064
  [INFO] machine.io.dev_keyboard: READ DEV 20 REG 01 9482 7302
  [INFO] machine.io.io_controller: IOCTRL READ FROM 0021 is 00000065
  [INFO] machine.io.dev_printer: at 10322 WRITE DEV 10 REG 01 VAL 00000065
  [INFO] machine.io.dev_keyboard: READ DEV 20 REG 01 11662 9482
  [INFO] machine.io.io_controller: IOCTRL READ FROM 0021 is 0000002c
  [INFO] machine.io.dev_printer: at 12502 WRITE DEV 10 REG 01 VAL 0000002c
  [INFO] machine.io.dev_keyboard: READ DEV 20 REG 01 13842 11662
  [INFO] machine.io.io_controller: IOCTRL READ FROM 0021 is 00000020
  [INFO] machine.io.dev_printer: at 14682 WRITE DEV 10 REG 01 VAL 00000020
  [INFO] machine.io.dev_keyboard: READ DEV 20 REG 01 16022 13842
  [INFO] machine.io.io_controller: IOCTRL READ FROM 0021 is 00000066
  [INFO] machine.io.dev_printer: at 16862 WRITE DEV 10 REG 01 VAL 00000066
  [INFO] machine.io.dev_keyboard: READ DEV 20 REG 01 18202 16022
  [INFO] machine.io.io_controller: IOCTRL READ FROM 0021 is 00000067
  [INFO] machine.io.dev_printer: at 19042 WRITE DEV 10 REG 01 VAL 00000067
  [INFO] machine.io.dev_keyboard: READ DEV 20 REG 01 20382 18202
  [INFO] machine.io.io_controller: IOCTRL READ FROM 0021 is 00000068
  [INFO] machine.io.dev_printer: at 21222 WRITE DEV 10 REG 01 VAL 00000068
  [INFO] machine.io.dev_keyboard: READ DEV 20 REG 01 22562 20382
  [INFO] machine.io.io_controller: IOCTRL READ FROM 0021 is 00000021
  [INFO] machine.io.dev_printer: at 23402 WRITE DEV 10 REG 01 VAL 00000021
  [INFO] machine.io.dev_keyboard: READ DEV 20 REG 01 24742 22562
  [INFO] machine.io.io_controller: IOCTRL READ FROM 0021 is 00000020
  [INFO] machine.io.dev_printer: at 25582 WRITE DEV 10 REG 01 VAL 00000020
  [INFO] machine.io.dev_keyboard: READ DEV 20 REG 01 26922 24742
  [INFO] machine.io.io_controller: IOCTRL READ FROM 0021 is 00000068
  [INFO] machine.io.dev_printer: at 27762 WRITE DEV 10 REG 01 VAL 00000068
  [INFO] machine.io.dev_keyboard: READ DEV 20 REG 01 29102 26922
  [INFO] machine.io.io_controller: IOCTRL READ FROM 0021 is 00000065
  [INFO] machine.io.dev_printer: at 29942 WRITE DEV 10 REG 01 VAL 00000065
  [INFO] machine.io.dev_keyboard: READ DEV 20 REG 01 31282 29102
  [INFO] machine.io.io_controller: IOCTRL READ FROM 0021 is 0000006c
  [INFO] machine.io.dev_printer: at 32122 WRITE DEV 10 REG 01 VAL 0000006c
  [INFO] machine.io.dev_keyboard: READ DEV 20 REG 01 33462 31282
  [INFO] machine.io.io_controller: IOCTRL READ FROM 0021 is 00000070
  [INFO] machine.io.dev_printer: at 34302 WRITE DEV 10 REG 01 VAL 00000070
  [INFO] machine.io.dev_keyboard: READ DEV 20 REG 01 35642 33462
  [INFO] machine.io.io_controller: IOCTRL READ FROM 0021 is 0000002e
  [INFO] machine.io.dev_printer: at 36482 WRITE DEV 10 REG 01 VAL 0000002e
  [INFO] machine.io.dev_printer: at 38082 WRITE DEV 10 REG 01 VAL 00000024
