in_forth: |-
  : func1 10 * . cr ;
  : func2 100 + func1 ;
  42 func2 
  halt
in_stdin: ''
out_stdout: |
  1420
out_trace: |-
  |   TIME |        A |        B |        C | IP       | CR       | AR       |       PS | DRR      |      DRW |   DS_SP | DS_TOP   | DS_PRV   |   RS_SP | RS_TOP   |   RS_PRV |    IO_RD |
  |--------|----------|----------|----------|----------|----------|----------|----------|----------|----------|---------|----------|----------|---------|----------|----------|----------|
  |    242 | 00000000 | 00000000 | 00000000 | 00000001 | 2000002a | 00000000 | 00000000 | 2000002a | 00000000 |      01 | 0000002a | 00000000 |      00 | 00000000 | 00000000 | 00000000 |
  |    542 | 00000000 | 00000000 | 00000000 | 0000000b | 40300009 | 00000001 | 00000000 | 40300009 | 00000000 |      01 | 0000002a | 00000000 |      01 | 00000002 | 00000000 | 00000000 |
  |    802 | 00000000 | 00000000 | 00000000 | 0000000c | 20000064 | 0000000b | 00000000 | 20000064 | 00000000 |      02 | 00000064 | 0000002a |      01 | 00000002 | 00000000 | 00000000 |
  |   1062 | 00000000 | 00000000 | 00000000 | 0000000d | 10000000 | 0000000c | 00000000 | 10000000 | 00000000 |      01 | 0000008e | 00000000 |      01 | 00000002 | 00000000 | 00000000 |
  |   1362 | 00000000 | 00000000 | 00000000 | 00000003 | 4030fff5 | 0000000d | 00000000 | 4030fff5 | 00000000 |      01 | 0000008e | 00000000 |      02 | 0000000e | 00000002 | 00000000 |
  |   1622 | 00000000 | 00000000 | 00000000 | 00000004 | 2000000a | 00000003 | 00000000 | 2000000a | 00000000 |      02 | 0000000a | 0000008e |      02 | 0000000e | 00000002 | 00000000 |
  |   1922 | 00000000 | 00000000 | 00000000 | 00000005 | 10300000 | 00000004 | 00000000 | 10300000 | 00000000 |      01 | 0000058c | 00000000 |      02 | 0000000e | 00000002 | 00000000 |
  |   2182 | 00000000 | 00000000 | 00000000 | 00000006 | 20000012 | 00000005 | 00000000 | 20000012 | 00000000 |      02 | 00000012 | 0000058c |      02 | 0000000e | 00000002 | 00000000 |
  |   2462 | 00000000 | 00000000 | 00000000 | 00000007 | 00300000 | 00000006 | 00000000 | 00300000 | 00000000 |      00 | 00000000 | 00000000 |      02 | 0000000e | 00000002 | 00000000 |
  |   2722 | 00000000 | 00000000 | 00000000 | 00000008 | 2000000a | 00000007 | 00000000 | 2000000a | 00000000 |      01 | 0000000a | 00000000 |      02 | 0000000e | 00000002 | 00000000 |
  |   2982 | 00000000 | 00000000 | 00000000 | 00000009 | 20000011 | 00000008 | 00000000 | 20000011 | 00000000 |      02 | 00000011 | 0000000a |      02 | 0000000e | 00000002 | 00000000 |
  |   3262 | 00000000 | 00000000 | 00000000 | 0000000a | 00300000 | 00000009 | 00000000 | 00300000 | 00000000 |      00 | 00000000 | 00000000 |      02 | 0000000e | 00000002 | 00000000 |
  |   3522 | 00000000 | 00000000 | 00000000 | 0000000e | 40400000 | 0000000a | 00000000 | 40400000 | 00000000 |      00 | 00000000 | 00000000 |      01 | 00000002 | 00000000 | 00000000 |
  |   3782 | 00000000 | 00000000 | 00000000 | 00000002 | 40400000 | 0000000e | 00000000 | 40400000 | 00000000 |      00 | 00000000 | 00000000 |      00 | 00000000 | 00000000 | 00000000 |
out_compiled: |-
  000: <ISTKPSH>(I|42)
  001: <RCALL>(I|9)
  002: <HLT>
  003: <ISTKPSH>(I|10)
  004: <MUL>
  005: <ISTKPSH>(I|18)
  006: <OUT>
  007: <ISTKPSH>(I|10)
  008: <ISTKPSH>(I|17)
  009: <OUT>
  010: <RET>
  011: <ISTKPSH>(I|100)
  012: <ADD>
  013: <RCALL>(I|-11)
  014: <RET>
logs: |
  [INFO] machine.io.dev_printer: at 2422 WRITE DEV 10 REG 02 VAL 0000058c
  [INFO] machine.io.dev_printer: at 3222 WRITE DEV 10 REG 01 VAL 0000000a
