in_forth: |-
  \import src/compiler/forthlib/iolib.fth

  : str_helloworld s" Hello World!" ;
  str_helloworld type

  halt
in_stdin: ''
out_stdout: |-
  Hello World!
out_trace: |-
  |   TIME |        A |        B |        C | IP       | CR       | AR       | PS       | DRR      |      DRW |   DS_SP | DS_TOP   | DS_PRV   |   RS_SP | RS_TOP   | RS_PRV   |    IO_RD |
  |--------|----------|----------|----------|----------|----------|----------|----------|----------|----------|---------|----------|----------|---------|----------|----------|----------|
  |    282 | 00000000 | 00000000 | 00000000 | 0000002c | 4030002b | 00000000 | 00000000 | 4030002b | 00000000 |      00 | 00000000 | 00000000 |      01 | 00000001 | 00000000 | 00000000 |
  |    542 | 00000000 | 00000000 | 00000000 | 0000002d | 2000002e | 0000002c | 00000000 | 2000002e | 00000000 |      01 | 0000002e | 00000000 |      01 | 00000001 | 00000000 | 00000000 |
  |    802 | 00000000 | 00000000 | 00000000 | 00000001 | 40400000 | 0000002d | 00000000 | 40400000 | 00000000 |      01 | 0000002e | 00000000 |      00 | 00000000 | 00000000 | 00000000 |
  |   1102 | 00000000 | 00000000 | 00000000 | 00000003 | 40300001 | 00000001 | 00000000 | 40300001 | 00000000 |      01 | 0000002e | 00000000 |      01 | 00000002 | 00000000 | 00000000 |
  |   1402 | 00000000 | 00000000 | 00000000 | 00000004 | 20500000 | 00000003 | 00000000 | 20500000 | 00000000 |      02 | 0000002e | 0000002e |      01 | 00000002 | 00000000 | 00000000 |
  |   1642 | 00000000 | 00000000 | 00000000 | 00000005 | 50000000 | 0000002e | 00000000 | 0000000c | 00000000 |      02 | 0000000c | 0000002e |      01 | 00000002 | 00000000 | 00000000 |
  |   1902 | 00000000 | 00000000 | 00000000 | 00000006 | 20000000 | 00000005 | 00000000 | 20000000 | 00000000 |      03 | 00000000 | 0000000c |      01 | 00000002 | 00000000 | 00000000 |
  |   2182 | 00000000 | 00000000 | 00000000 | 00000007 | 20100000 | 00000006 | 00000000 | 20100000 | 00000000 |      02 | 0000000c | 0000002e |      02 | 00000000 | 00000002 | 00000000 |
  |   2462 | 00000000 | 00000000 | 00000000 | 00000008 | 20100000 | 00000007 | 00000000 | 20100000 | 00000000 |      01 | 0000002e | 00000000 |      03 | 0000000c | 00000000 | 00000000 |
  |   2822 | 00000000 | 00000000 | 00000000 | 00000009 | 20610000 | 00000008 | 00000000 | 20610000 | 00000000 |      01 | 0000002e | 00000000 |      03 | 00000000 | 0000000c | 00000000 |
  |   3102 | 00000000 | 00000000 | 00000000 | 0000000a | 10800000 | 00000009 | 00000000 | 10800000 | 00000000 |      01 | 0000002f | 00000000 |      03 | 00000000 | 0000000c | 00000000 |
  |   3402 | 00000000 | 00000000 | 00000000 | 0000000b | 20500000 | 0000000a | 00000000 | 20500000 | 00000000 |      02 | 0000002f | 0000002f |      03 | 00000000 | 0000000c | 00000000 |
  |   3642 | 00000000 | 00000000 | 00000000 | 0000000c | 50000000 | 0000002f | 00000000 | 00000048 | 00000000 |      02 | 00000048 | 0000002f |      03 | 00000000 | 0000000c | 00000000 |
  |   3902 | 00000000 | 00000000 | 00000000 | 0000000d | 20000011 | 0000000c | 00000000 | 20000011 | 00000000 |      03 | 00000011 | 00000048 |      03 | 00000000 | 0000000c | 00000000 |
  |   4182 | 00000000 | 00000000 | 00000000 | 0000000e | 00300000 | 0000000d | 00000000 | 00300000 | 00000000 |      01 | 0000002f | 00000000 |      03 | 00000000 | 0000000c | 00000000 |
  |   4482 | 00000000 | 00000000 | 00000000 | 0000000f | 20110000 | 0000000e | 00000000 | 20110000 | 00000000 |      02 | 00000000 | 0000002f |      02 | 0000000c | 00000002 | 00000000 |
  |   4762 | 00000000 | 00000000 | 00000000 | 00000010 | 10800000 | 0000000f | 00000000 | 10800000 | 00000000 |      02 | 00000001 | 0000002f |      02 | 0000000c | 00000002 | 00000000 |
  |   5062 | 00000000 | 00000000 | 00000000 | 00000011 | 20210000 | 00000010 | 00000000 | 20210000 | 00000000 |      03 | 0000000c | 00000001 |      02 | 0000000c | 00000002 | 00000000 |
  |   5342 | 00000000 | 00000000 | 00000000 | 00000012 | 20400000 | 00000011 | 00000000 | 20400000 | 00000000 |      04 | 00000001 | 0000000c |      02 | 0000000c | 00000002 | 00000000 |
  |   5622 | 00000000 | 00000000 | 00000000 | 00000013 | 20100000 | 00000012 | 00000000 | 20100000 | 00000000 |      03 | 0000000c | 00000001 |      03 | 00000001 | 0000000c | 00000000 |
  |   5882 | 00000000 | 00000000 | 00000000 | 00000014 | 30400000 | 00000013 | 0000000a | 30400000 | 00000000 |      02 | 00000000 | 0000002f |      03 | 00000001 | 0000000c | 00000000 |
  |   6182 | 00000000 | 00000000 | 00000000 | 00000009 | 4020fff4 | 00000014 | 0000000a | 4020fff4 | 00000000 |      01 | 0000002f | 00000000 |      03 | 00000001 | 0000000c | 00000000 |
  |   6462 | 00000000 | 00000000 | 00000000 | 0000000a | 10800000 | 00000009 | 0000000a | 10800000 | 00000000 |      01 | 00000030 | 00000000 |      03 | 00000001 | 0000000c | 00000000 |
  |   6762 | 00000000 | 00000000 | 00000000 | 0000000b | 20500000 | 0000000a | 0000000a | 20500000 | 00000000 |      02 | 00000030 | 00000030 |      03 | 00000001 | 0000000c | 00000000 |
  |   7002 | 00000000 | 00000000 | 00000000 | 0000000c | 50000000 | 00000030 | 0000000a | 00000065 | 00000000 |      02 | 00000065 | 00000030 |      03 | 00000001 | 0000000c | 00000000 |
  |   7262 | 00000000 | 00000000 | 00000000 | 0000000d | 20000011 | 0000000c | 0000000a | 20000011 | 00000000 |      03 | 00000011 | 00000065 |      03 | 00000001 | 0000000c | 00000000 |
  |   7542 | 00000000 | 00000000 | 00000000 | 0000000e | 00300000 | 0000000d | 0000000a | 00300000 | 00000000 |      01 | 00000030 | 00000000 |      03 | 00000001 | 0000000c | 00000000 |
  |   7842 | 00000000 | 00000000 | 00000000 | 0000000f | 20110000 | 0000000e | 0000000a | 20110000 | 00000000 |      02 | 00000001 | 00000030 |      02 | 0000000c | 00000002 | 00000000 |
  |   8122 | 00000000 | 00000000 | 00000000 | 00000010 | 10800000 | 0000000f | 0000000a | 10800000 | 00000000 |      02 | 00000002 | 00000030 |      02 | 0000000c | 00000002 | 00000000 |
  |   8422 | 00000000 | 00000000 | 00000000 | 00000011 | 20210000 | 00000010 | 0000000a | 20210000 | 00000000 |      03 | 0000000c | 00000002 |      02 | 0000000c | 00000002 | 00000000 |
  |   8702 | 00000000 | 00000000 | 00000000 | 00000012 | 20400000 | 00000011 | 0000000a | 20400000 | 00000000 |      04 | 00000002 | 0000000c |      02 | 0000000c | 00000002 | 00000000 |
  |   8982 | 00000000 | 00000000 | 00000000 | 00000013 | 20100000 | 00000012 | 0000000a | 20100000 | 00000000 |      03 | 0000000c | 00000002 |      03 | 00000002 | 0000000c | 00000000 |
  |   9242 | 00000000 | 00000000 | 00000000 | 00000014 | 30400000 | 00000013 | 0000000a | 30400000 | 00000000 |      02 | 00000000 | 00000030 |      03 | 00000002 | 0000000c | 00000000 |
  |   9542 | 00000000 | 00000000 | 00000000 | 00000009 | 4020fff4 | 00000014 | 0000000a | 4020fff4 | 00000000 |      01 | 00000030 | 00000000 |      03 | 00000002 | 0000000c | 00000000 |
  |   9822 | 00000000 | 00000000 | 00000000 | 0000000a | 10800000 | 00000009 | 0000000a | 10800000 | 00000000 |      01 | 00000031 | 00000000 |      03 | 00000002 | 0000000c | 00000000 |
  |  10122 | 00000000 | 00000000 | 00000000 | 0000000b | 20500000 | 0000000a | 0000000a | 20500000 | 00000000 |      02 | 00000031 | 00000031 |      03 | 00000002 | 0000000c | 00000000 |
  |  10362 | 00000000 | 00000000 | 00000000 | 0000000c | 50000000 | 00000031 | 0000000a | 0000006c | 00000000 |      02 | 0000006c | 00000031 |      03 | 00000002 | 0000000c | 00000000 |
  |  10622 | 00000000 | 00000000 | 00000000 | 0000000d | 20000011 | 0000000c | 0000000a | 20000011 | 00000000 |      03 | 00000011 | 0000006c |      03 | 00000002 | 0000000c | 00000000 |
  |  10902 | 00000000 | 00000000 | 00000000 | 0000000e | 00300000 | 0000000d | 0000000a | 00300000 | 00000000 |      01 | 00000031 | 00000000 |      03 | 00000002 | 0000000c | 00000000 |
  |  11202 | 00000000 | 00000000 | 00000000 | 0000000f | 20110000 | 0000000e | 0000000a | 20110000 | 00000000 |      02 | 00000002 | 00000031 |      02 | 0000000c | 00000002 | 00000000 |
  |  11482 | 00000000 | 00000000 | 00000000 | 00000010 | 10800000 | 0000000f | 0000000a | 10800000 | 00000000 |      02 | 00000003 | 00000031 |      02 | 0000000c | 00000002 | 00000000 |
  |  11782 | 00000000 | 00000000 | 00000000 | 00000011 | 20210000 | 00000010 | 0000000a | 20210000 | 00000000 |      03 | 0000000c | 00000003 |      02 | 0000000c | 00000002 | 00000000 |
  |  12062 | 00000000 | 00000000 | 00000000 | 00000012 | 20400000 | 00000011 | 0000000a | 20400000 | 00000000 |      04 | 00000003 | 0000000c |      02 | 0000000c | 00000002 | 00000000 |
  |  12342 | 00000000 | 00000000 | 00000000 | 00000013 | 20100000 | 00000012 | 0000000a | 20100000 | 00000000 |      03 | 0000000c | 00000003 |      03 | 00000003 | 0000000c | 00000000 |
  |  12602 | 00000000 | 00000000 | 00000000 | 00000014 | 30400000 | 00000013 | 0000000a | 30400000 | 00000000 |      02 | 00000000 | 00000031 |      03 | 00000003 | 0000000c | 00000000 |
  |  12902 | 00000000 | 00000000 | 00000000 | 00000009 | 4020fff4 | 00000014 | 0000000a | 4020fff4 | 00000000 |      01 | 00000031 | 00000000 |      03 | 00000003 | 0000000c | 00000000 |
  |  13182 | 00000000 | 00000000 | 00000000 | 0000000a | 10800000 | 00000009 | 0000000a | 10800000 | 00000000 |      01 | 00000032 | 00000000 |      03 | 00000003 | 0000000c | 00000000 |
  |  13482 | 00000000 | 00000000 | 00000000 | 0000000b | 20500000 | 0000000a | 0000000a | 20500000 | 00000000 |      02 | 00000032 | 00000032 |      03 | 00000003 | 0000000c | 00000000 |
  |  13722 | 00000000 | 00000000 | 00000000 | 0000000c | 50000000 | 00000032 | 0000000a | 0000006c | 00000000 |      02 | 0000006c | 00000032 |      03 | 00000003 | 0000000c | 00000000 |
  |  13982 | 00000000 | 00000000 | 00000000 | 0000000d | 20000011 | 0000000c | 0000000a | 20000011 | 00000000 |      03 | 00000011 | 0000006c |      03 | 00000003 | 0000000c | 00000000 |
  |  14262 | 00000000 | 00000000 | 00000000 | 0000000e | 00300000 | 0000000d | 0000000a | 00300000 | 00000000 |      01 | 00000032 | 00000000 |      03 | 00000003 | 0000000c | 00000000 |
  |  14562 | 00000000 | 00000000 | 00000000 | 0000000f | 20110000 | 0000000e | 0000000a | 20110000 | 00000000 |      02 | 00000003 | 00000032 |      02 | 0000000c | 00000002 | 00000000 |
  |  14842 | 00000000 | 00000000 | 00000000 | 00000010 | 10800000 | 0000000f | 0000000a | 10800000 | 00000000 |      02 | 00000004 | 00000032 |      02 | 0000000c | 00000002 | 00000000 |
  |  15142 | 00000000 | 00000000 | 00000000 | 00000011 | 20210000 | 00000010 | 0000000a | 20210000 | 00000000 |      03 | 0000000c | 00000004 |      02 | 0000000c | 00000002 | 00000000 |
  |  15422 | 00000000 | 00000000 | 00000000 | 00000012 | 20400000 | 00000011 | 0000000a | 20400000 | 00000000 |      04 | 00000004 | 0000000c |      02 | 0000000c | 00000002 | 00000000 |
  |  15702 | 00000000 | 00000000 | 00000000 | 00000013 | 20100000 | 00000012 | 0000000a | 20100000 | 00000000 |      03 | 0000000c | 00000004 |      03 | 00000004 | 0000000c | 00000000 |
  |  15962 | 00000000 | 00000000 | 00000000 | 00000014 | 30400000 | 00000013 | 0000000a | 30400000 | 00000000 |      02 | 00000000 | 00000032 |      03 | 00000004 | 0000000c | 00000000 |
  |  16262 | 00000000 | 00000000 | 00000000 | 00000009 | 4020fff4 | 00000014 | 0000000a | 4020fff4 | 00000000 |      01 | 00000032 | 00000000 |      03 | 00000004 | 0000000c | 00000000 |
  |  16542 | 00000000 | 00000000 | 00000000 | 0000000a | 10800000 | 00000009 | 0000000a | 10800000 | 00000000 |      01 | 00000033 | 00000000 |      03 | 00000004 | 0000000c | 00000000 |
  |  16842 | 00000000 | 00000000 | 00000000 | 0000000b | 20500000 | 0000000a | 0000000a | 20500000 | 00000000 |      02 | 00000033 | 00000033 |      03 | 00000004 | 0000000c | 00000000 |
  |  17082 | 00000000 | 00000000 | 00000000 | 0000000c | 50000000 | 00000033 | 0000000a | 0000006f | 00000000 |      02 | 0000006f | 00000033 |      03 | 00000004 | 0000000c | 00000000 |
  |  17342 | 00000000 | 00000000 | 00000000 | 0000000d | 20000011 | 0000000c | 0000000a | 20000011 | 00000000 |      03 | 00000011 | 0000006f |      03 | 00000004 | 0000000c | 00000000 |
  |  17622 | 00000000 | 00000000 | 00000000 | 0000000e | 00300000 | 0000000d | 0000000a | 00300000 | 00000000 |      01 | 00000033 | 00000000 |      03 | 00000004 | 0000000c | 00000000 |
  |  17922 | 00000000 | 00000000 | 00000000 | 0000000f | 20110000 | 0000000e | 0000000a | 20110000 | 00000000 |      02 | 00000004 | 00000033 |      02 | 0000000c | 00000002 | 00000000 |
  |  18202 | 00000000 | 00000000 | 00000000 | 00000010 | 10800000 | 0000000f | 0000000a | 10800000 | 00000000 |      02 | 00000005 | 00000033 |      02 | 0000000c | 00000002 | 00000000 |
  |  18502 | 00000000 | 00000000 | 00000000 | 00000011 | 20210000 | 00000010 | 0000000a | 20210000 | 00000000 |      03 | 0000000c | 00000005 |      02 | 0000000c | 00000002 | 00000000 |
  |  18782 | 00000000 | 00000000 | 00000000 | 00000012 | 20400000 | 00000011 | 0000000a | 20400000 | 00000000 |      04 | 00000005 | 0000000c |      02 | 0000000c | 00000002 | 00000000 |
  |  19062 | 00000000 | 00000000 | 00000000 | 00000013 | 20100000 | 00000012 | 0000000a | 20100000 | 00000000 |      03 | 0000000c | 00000005 |      03 | 00000005 | 0000000c | 00000000 |
  |  19322 | 00000000 | 00000000 | 00000000 | 00000014 | 30400000 | 00000013 | 0000000a | 30400000 | 00000000 |      02 | 00000000 | 00000033 |      03 | 00000005 | 0000000c | 00000000 |
  |  19622 | 00000000 | 00000000 | 00000000 | 00000009 | 4020fff4 | 00000014 | 0000000a | 4020fff4 | 00000000 |      01 | 00000033 | 00000000 |      03 | 00000005 | 0000000c | 00000000 |
  |  19902 | 00000000 | 00000000 | 00000000 | 0000000a | 10800000 | 00000009 | 0000000a | 10800000 | 00000000 |      01 | 00000034 | 00000000 |      03 | 00000005 | 0000000c | 00000000 |
  |  20202 | 00000000 | 00000000 | 00000000 | 0000000b | 20500000 | 0000000a | 0000000a | 20500000 | 00000000 |      02 | 00000034 | 00000034 |      03 | 00000005 | 0000000c | 00000000 |
  |  20442 | 00000000 | 00000000 | 00000000 | 0000000c | 50000000 | 00000034 | 0000000a | 00000020 | 00000000 |      02 | 00000020 | 00000034 |      03 | 00000005 | 0000000c | 00000000 |
  |  20702 | 00000000 | 00000000 | 00000000 | 0000000d | 20000011 | 0000000c | 0000000a | 20000011 | 00000000 |      03 | 00000011 | 00000020 |      03 | 00000005 | 0000000c | 00000000 |
  |  20982 | 00000000 | 00000000 | 00000000 | 0000000e | 00300000 | 0000000d | 0000000a | 00300000 | 00000000 |      01 | 00000034 | 00000000 |      03 | 00000005 | 0000000c | 00000000 |
  |  21282 | 00000000 | 00000000 | 00000000 | 0000000f | 20110000 | 0000000e | 0000000a | 20110000 | 00000000 |      02 | 00000005 | 00000034 |      02 | 0000000c | 00000002 | 00000000 |
  |  21562 | 00000000 | 00000000 | 00000000 | 00000010 | 10800000 | 0000000f | 0000000a | 10800000 | 00000000 |      02 | 00000006 | 00000034 |      02 | 0000000c | 00000002 | 00000000 |
  |  21862 | 00000000 | 00000000 | 00000000 | 00000011 | 20210000 | 00000010 | 0000000a | 20210000 | 00000000 |      03 | 0000000c | 00000006 |      02 | 0000000c | 00000002 | 00000000 |
  |  22142 | 00000000 | 00000000 | 00000000 | 00000012 | 20400000 | 00000011 | 0000000a | 20400000 | 00000000 |      04 | 00000006 | 0000000c |      02 | 0000000c | 00000002 | 00000000 |
  |  22422 | 00000000 | 00000000 | 00000000 | 00000013 | 20100000 | 00000012 | 0000000a | 20100000 | 00000000 |      03 | 0000000c | 00000006 |      03 | 00000006 | 0000000c | 00000000 |
  |  22682 | 00000000 | 00000000 | 00000000 | 00000014 | 30400000 | 00000013 | 0000000a | 30400000 | 00000000 |      02 | 00000000 | 00000034 |      03 | 00000006 | 0000000c | 00000000 |
  |  22982 | 00000000 | 00000000 | 00000000 | 00000009 | 4020fff4 | 00000014 | 0000000a | 4020fff4 | 00000000 |      01 | 00000034 | 00000000 |      03 | 00000006 | 0000000c | 00000000 |
  |  23262 | 00000000 | 00000000 | 00000000 | 0000000a | 10800000 | 00000009 | 0000000a | 10800000 | 00000000 |      01 | 00000035 | 00000000 |      03 | 00000006 | 0000000c | 00000000 |
  |  23562 | 00000000 | 00000000 | 00000000 | 0000000b | 20500000 | 0000000a | 0000000a | 20500000 | 00000000 |      02 | 00000035 | 00000035 |      03 | 00000006 | 0000000c | 00000000 |
  |  23802 | 00000000 | 00000000 | 00000000 | 0000000c | 50000000 | 00000035 | 0000000a | 00000057 | 00000000 |      02 | 00000057 | 00000035 |      03 | 00000006 | 0000000c | 00000000 |
  |  24062 | 00000000 | 00000000 | 00000000 | 0000000d | 20000011 | 0000000c | 0000000a | 20000011 | 00000000 |      03 | 00000011 | 00000057 |      03 | 00000006 | 0000000c | 00000000 |
  |  24342 | 00000000 | 00000000 | 00000000 | 0000000e | 00300000 | 0000000d | 0000000a | 00300000 | 00000000 |      01 | 00000035 | 00000000 |      03 | 00000006 | 0000000c | 00000000 |
  |  24642 | 00000000 | 00000000 | 00000000 | 0000000f | 20110000 | 0000000e | 0000000a | 20110000 | 00000000 |      02 | 00000006 | 00000035 |      02 | 0000000c | 00000002 | 00000000 |
  |  24922 | 00000000 | 00000000 | 00000000 | 00000010 | 10800000 | 0000000f | 0000000a | 10800000 | 00000000 |      02 | 00000007 | 00000035 |      02 | 0000000c | 00000002 | 00000000 |
  |  25222 | 00000000 | 00000000 | 00000000 | 00000011 | 20210000 | 00000010 | 0000000a | 20210000 | 00000000 |      03 | 0000000c | 00000007 |      02 | 0000000c | 00000002 | 00000000 |
  |  25502 | 00000000 | 00000000 | 00000000 | 00000012 | 20400000 | 00000011 | 0000000a | 20400000 | 00000000 |      04 | 00000007 | 0000000c |      02 | 0000000c | 00000002 | 00000000 |
  |  25782 | 00000000 | 00000000 | 00000000 | 00000013 | 20100000 | 00000012 | 0000000a | 20100000 | 00000000 |      03 | 0000000c | 00000007 |      03 | 00000007 | 0000000c | 00000000 |
  |  26042 | 00000000 | 00000000 | 00000000 | 00000014 | 30400000 | 00000013 | 0000000a | 30400000 | 00000000 |      02 | 00000000 | 00000035 |      03 | 00000007 | 0000000c | 00000000 |
  |  26342 | 00000000 | 00000000 | 00000000 | 00000009 | 4020fff4 | 00000014 | 0000000a | 4020fff4 | 00000000 |      01 | 00000035 | 00000000 |      03 | 00000007 | 0000000c | 00000000 |
  |  26622 | 00000000 | 00000000 | 00000000 | 0000000a | 10800000 | 00000009 | 0000000a | 10800000 | 00000000 |      01 | 00000036 | 00000000 |      03 | 00000007 | 0000000c | 00000000 |
  |  26922 | 00000000 | 00000000 | 00000000 | 0000000b | 20500000 | 0000000a | 0000000a | 20500000 | 00000000 |      02 | 00000036 | 00000036 |      03 | 00000007 | 0000000c | 00000000 |
  |  27162 | 00000000 | 00000000 | 00000000 | 0000000c | 50000000 | 00000036 | 0000000a | 0000006f | 00000000 |      02 | 0000006f | 00000036 |      03 | 00000007 | 0000000c | 00000000 |
  |  27422 | 00000000 | 00000000 | 00000000 | 0000000d | 20000011 | 0000000c | 0000000a | 20000011 | 00000000 |      03 | 00000011 | 0000006f |      03 | 00000007 | 0000000c | 00000000 |
  |  27702 | 00000000 | 00000000 | 00000000 | 0000000e | 00300000 | 0000000d | 0000000a | 00300000 | 00000000 |      01 | 00000036 | 00000000 |      03 | 00000007 | 0000000c | 00000000 |
  |  28002 | 00000000 | 00000000 | 00000000 | 0000000f | 20110000 | 0000000e | 0000000a | 20110000 | 00000000 |      02 | 00000007 | 00000036 |      02 | 0000000c | 00000002 | 00000000 |
  |  28282 | 00000000 | 00000000 | 00000000 | 00000010 | 10800000 | 0000000f | 0000000a | 10800000 | 00000000 |      02 | 00000008 | 00000036 |      02 | 0000000c | 00000002 | 00000000 |
  |  28582 | 00000000 | 00000000 | 00000000 | 00000011 | 20210000 | 00000010 | 0000000a | 20210000 | 00000000 |      03 | 0000000c | 00000008 |      02 | 0000000c | 00000002 | 00000000 |
  |  28862 | 00000000 | 00000000 | 00000000 | 00000012 | 20400000 | 00000011 | 0000000a | 20400000 | 00000000 |      04 | 00000008 | 0000000c |      02 | 0000000c | 00000002 | 00000000 |
  |  29142 | 00000000 | 00000000 | 00000000 | 00000013 | 20100000 | 00000012 | 0000000a | 20100000 | 00000000 |      03 | 0000000c | 00000008 |      03 | 00000008 | 0000000c | 00000000 |
  |  29402 | 00000000 | 00000000 | 00000000 | 00000014 | 30400000 | 00000013 | 0000000a | 30400000 | 00000000 |      02 | 00000000 | 00000036 |      03 | 00000008 | 0000000c | 00000000 |
  |  29702 | 00000000 | 00000000 | 00000000 | 00000009 | 4020fff4 | 00000014 | 0000000a | 4020fff4 | 00000000 |      01 | 00000036 | 00000000 |      03 | 00000008 | 0000000c | 00000000 |
  |  29982 | 00000000 | 00000000 | 00000000 | 0000000a | 10800000 | 00000009 | 0000000a | 10800000 | 00000000 |      01 | 00000037 | 00000000 |      03 | 00000008 | 0000000c | 00000000 |
  |  30282 | 00000000 | 00000000 | 00000000 | 0000000b | 20500000 | 0000000a | 0000000a | 20500000 | 00000000 |      02 | 00000037 | 00000037 |      03 | 00000008 | 0000000c | 00000000 |
  |  30522 | 00000000 | 00000000 | 00000000 | 0000000c | 50000000 | 00000037 | 0000000a | 00000072 | 00000000 |      02 | 00000072 | 00000037 |      03 | 00000008 | 0000000c | 00000000 |
  |  30782 | 00000000 | 00000000 | 00000000 | 0000000d | 20000011 | 0000000c | 0000000a | 20000011 | 00000000 |      03 | 00000011 | 00000072 |      03 | 00000008 | 0000000c | 00000000 |
  |  31062 | 00000000 | 00000000 | 00000000 | 0000000e | 00300000 | 0000000d | 0000000a | 00300000 | 00000000 |      01 | 00000037 | 00000000 |      03 | 00000008 | 0000000c | 00000000 |
  |  31362 | 00000000 | 00000000 | 00000000 | 0000000f | 20110000 | 0000000e | 0000000a | 20110000 | 00000000 |      02 | 00000008 | 00000037 |      02 | 0000000c | 00000002 | 00000000 |
  |  31642 | 00000000 | 00000000 | 00000000 | 00000010 | 10800000 | 0000000f | 0000000a | 10800000 | 00000000 |      02 | 00000009 | 00000037 |      02 | 0000000c | 00000002 | 00000000 |
  |  31942 | 00000000 | 00000000 | 00000000 | 00000011 | 20210000 | 00000010 | 0000000a | 20210000 | 00000000 |      03 | 0000000c | 00000009 |      02 | 0000000c | 00000002 | 00000000 |
  |  32222 | 00000000 | 00000000 | 00000000 | 00000012 | 20400000 | 00000011 | 0000000a | 20400000 | 00000000 |      04 | 00000009 | 0000000c |      02 | 0000000c | 00000002 | 00000000 |
  |  32502 | 00000000 | 00000000 | 00000000 | 00000013 | 20100000 | 00000012 | 0000000a | 20100000 | 00000000 |      03 | 0000000c | 00000009 |      03 | 00000009 | 0000000c | 00000000 |
  |  32762 | 00000000 | 00000000 | 00000000 | 00000014 | 30400000 | 00000013 | 0000000a | 30400000 | 00000000 |      02 | 00000000 | 00000037 |      03 | 00000009 | 0000000c | 00000000 |
  |  33062 | 00000000 | 00000000 | 00000000 | 00000009 | 4020fff4 | 00000014 | 0000000a | 4020fff4 | 00000000 |      01 | 00000037 | 00000000 |      03 | 00000009 | 0000000c | 00000000 |
  |  33342 | 00000000 | 00000000 | 00000000 | 0000000a | 10800000 | 00000009 | 0000000a | 10800000 | 00000000 |      01 | 00000038 | 00000000 |      03 | 00000009 | 0000000c | 00000000 |
  |  33642 | 00000000 | 00000000 | 00000000 | 0000000b | 20500000 | 0000000a | 0000000a | 20500000 | 00000000 |      02 | 00000038 | 00000038 |      03 | 00000009 | 0000000c | 00000000 |
  |  33882 | 00000000 | 00000000 | 00000000 | 0000000c | 50000000 | 00000038 | 0000000a | 0000006c | 00000000 |      02 | 0000006c | 00000038 |      03 | 00000009 | 0000000c | 00000000 |
  |  34142 | 00000000 | 00000000 | 00000000 | 0000000d | 20000011 | 0000000c | 0000000a | 20000011 | 00000000 |      03 | 00000011 | 0000006c |      03 | 00000009 | 0000000c | 00000000 |
  |  34422 | 00000000 | 00000000 | 00000000 | 0000000e | 00300000 | 0000000d | 0000000a | 00300000 | 00000000 |      01 | 00000038 | 00000000 |      03 | 00000009 | 0000000c | 00000000 |
  |  34722 | 00000000 | 00000000 | 00000000 | 0000000f | 20110000 | 0000000e | 0000000a | 20110000 | 00000000 |      02 | 00000009 | 00000038 |      02 | 0000000c | 00000002 | 00000000 |
  |  35002 | 00000000 | 00000000 | 00000000 | 00000010 | 10800000 | 0000000f | 0000000a | 10800000 | 00000000 |      02 | 0000000a | 00000038 |      02 | 0000000c | 00000002 | 00000000 |
  |  35302 | 00000000 | 00000000 | 00000000 | 00000011 | 20210000 | 00000010 | 0000000a | 20210000 | 00000000 |      03 | 0000000c | 0000000a |      02 | 0000000c | 00000002 | 00000000 |
  |  35582 | 00000000 | 00000000 | 00000000 | 00000012 | 20400000 | 00000011 | 0000000a | 20400000 | 00000000 |      04 | 0000000a | 0000000c |      02 | 0000000c | 00000002 | 00000000 |
  |  35862 | 00000000 | 00000000 | 00000000 | 00000013 | 20100000 | 00000012 | 0000000a | 20100000 | 00000000 |      03 | 0000000c | 0000000a |      03 | 0000000a | 0000000c | 00000000 |
  |  36122 | 00000000 | 00000000 | 00000000 | 00000014 | 30400000 | 00000013 | 0000000a | 30400000 | 00000000 |      02 | 00000000 | 00000038 |      03 | 0000000a | 0000000c | 00000000 |
  |  36422 | 00000000 | 00000000 | 00000000 | 00000009 | 4020fff4 | 00000014 | 0000000a | 4020fff4 | 00000000 |      01 | 00000038 | 00000000 |      03 | 0000000a | 0000000c | 00000000 |
  |  36702 | 00000000 | 00000000 | 00000000 | 0000000a | 10800000 | 00000009 | 0000000a | 10800000 | 00000000 |      01 | 00000039 | 00000000 |      03 | 0000000a | 0000000c | 00000000 |
  |  37002 | 00000000 | 00000000 | 00000000 | 0000000b | 20500000 | 0000000a | 0000000a | 20500000 | 00000000 |      02 | 00000039 | 00000039 |      03 | 0000000a | 0000000c | 00000000 |
  |  37242 | 00000000 | 00000000 | 00000000 | 0000000c | 50000000 | 00000039 | 0000000a | 00000064 | 00000000 |      02 | 00000064 | 00000039 |      03 | 0000000a | 0000000c | 00000000 |
  |  37502 | 00000000 | 00000000 | 00000000 | 0000000d | 20000011 | 0000000c | 0000000a | 20000011 | 00000000 |      03 | 00000011 | 00000064 |      03 | 0000000a | 0000000c | 00000000 |
  |  37782 | 00000000 | 00000000 | 00000000 | 0000000e | 00300000 | 0000000d | 0000000a | 00300000 | 00000000 |      01 | 00000039 | 00000000 |      03 | 0000000a | 0000000c | 00000000 |
  |  38082 | 00000000 | 00000000 | 00000000 | 0000000f | 20110000 | 0000000e | 0000000a | 20110000 | 00000000 |      02 | 0000000a | 00000039 |      02 | 0000000c | 00000002 | 00000000 |
  |  38362 | 00000000 | 00000000 | 00000000 | 00000010 | 10800000 | 0000000f | 0000000a | 10800000 | 00000000 |      02 | 0000000b | 00000039 |      02 | 0000000c | 00000002 | 00000000 |
  |  38662 | 00000000 | 00000000 | 00000000 | 00000011 | 20210000 | 00000010 | 0000000a | 20210000 | 00000000 |      03 | 0000000c | 0000000b |      02 | 0000000c | 00000002 | 00000000 |
  |  38942 | 00000000 | 00000000 | 00000000 | 00000012 | 20400000 | 00000011 | 0000000a | 20400000 | 00000000 |      04 | 0000000b | 0000000c |      02 | 0000000c | 00000002 | 00000000 |
  |  39222 | 00000000 | 00000000 | 00000000 | 00000013 | 20100000 | 00000012 | 0000000a | 20100000 | 00000000 |      03 | 0000000c | 0000000b |      03 | 0000000b | 0000000c | 00000000 |
  |  39482 | 00000000 | 00000000 | 00000000 | 00000014 | 30400000 | 00000013 | 0000000a | 30400000 | 00000000 |      02 | 00000000 | 00000039 |      03 | 0000000b | 0000000c | 00000000 |
  |  39782 | 00000000 | 00000000 | 00000000 | 00000009 | 4020fff4 | 00000014 | 0000000a | 4020fff4 | 00000000 |      01 | 00000039 | 00000000 |      03 | 0000000b | 0000000c | 00000000 |
  |  40062 | 00000000 | 00000000 | 00000000 | 0000000a | 10800000 | 00000009 | 0000000a | 10800000 | 00000000 |      01 | 0000003a | 00000000 |      03 | 0000000b | 0000000c | 00000000 |
  |  40362 | 00000000 | 00000000 | 00000000 | 0000000b | 20500000 | 0000000a | 0000000a | 20500000 | 00000000 |      02 | 0000003a | 0000003a |      03 | 0000000b | 0000000c | 00000000 |
  |  40602 | 00000000 | 00000000 | 00000000 | 0000000c | 50000000 | 0000003a | 0000000a | 00000021 | 00000000 |      02 | 00000021 | 0000003a |      03 | 0000000b | 0000000c | 00000000 |
  |  40862 | 00000000 | 00000000 | 00000000 | 0000000d | 20000011 | 0000000c | 0000000a | 20000011 | 00000000 |      03 | 00000011 | 00000021 |      03 | 0000000b | 0000000c | 00000000 |
  |  41142 | 00000000 | 00000000 | 00000000 | 0000000e | 00300000 | 0000000d | 0000000a | 00300000 | 00000000 |      01 | 0000003a | 00000000 |      03 | 0000000b | 0000000c | 00000000 |
  |  41442 | 00000000 | 00000000 | 00000000 | 0000000f | 20110000 | 0000000e | 0000000a | 20110000 | 00000000 |      02 | 0000000b | 0000003a |      02 | 0000000c | 00000002 | 00000000 |
  |  41722 | 00000000 | 00000000 | 00000000 | 00000010 | 10800000 | 0000000f | 0000000a | 10800000 | 00000000 |      02 | 0000000c | 0000003a |      02 | 0000000c | 00000002 | 00000000 |
  |  42022 | 00000000 | 00000000 | 00000000 | 00000011 | 20210000 | 00000010 | 0000000a | 20210000 | 00000000 |      03 | 0000000c | 0000000c |      02 | 0000000c | 00000002 | 00000000 |
  |  42302 | 00000000 | 00000000 | 00000000 | 00000012 | 20400000 | 00000011 | 0000000a | 20400000 | 00000000 |      04 | 0000000c | 0000000c |      02 | 0000000c | 00000002 | 00000000 |
  |  42582 | 00000000 | 00000000 | 00000000 | 00000013 | 20100000 | 00000012 | 0000000a | 20100000 | 00000000 |      03 | 0000000c | 0000000c |      03 | 0000000c | 0000000c | 00000000 |
  |  42842 | 00000000 | 00000000 | 00000000 | 00000014 | 30400000 | 00000013 | 00000005 | 30400000 | 00000000 |      02 | 00000001 | 0000003a |      03 | 0000000c | 0000000c | 00000000 |
  |  43122 | 00000000 | 00000000 | 00000000 | 00000015 | 4020fff4 | 00000014 | 00000005 | 4020fff4 | 00000000 |      01 | 0000003a | 00000000 |      03 | 0000000c | 0000000c | 00000000 |
  |  43442 | 00000000 | 00000000 | 00000000 | 00000016 | 20310000 | 00000015 | 00000005 | 20310000 | 00000000 |      01 | 0000003a | 00000000 |      02 | 0000000c | 00000002 | 00000000 |
  |  43762 | 00000000 | 00000000 | 00000000 | 00000017 | 20310000 | 00000016 | 00000005 | 20310000 | 00000000 |      01 | 0000003a | 00000000 |      01 | 00000002 | 00000000 | 00000000 |
  |  44062 | 00000000 | 00000000 | 00000000 | 00000018 | 20300000 | 00000017 | 00000005 | 20300000 | 00000000 |      00 | 00000000 | 00000000 |      01 | 00000002 | 00000000 | 00000000 |
  |  44322 | 00000000 | 00000000 | 00000000 | 00000002 | 40400000 | 00000018 | 00000005 | 40400000 | 00000000 |      00 | 00000000 | 00000000 |      00 | 00000000 | 00000000 | 00000000 |
out_compiled: |-
  000: <RCALL>(I|43)
  001: <RCALL>(I|1)
  002: <HLT>
  003: <STKDUP>
  004: <FETCH>
  005: <ISTKPSH>(I|0)
  006: <STKMV>
  007: <STKMV>
  008: <STKSWP@R>
  009: <INC>
  010: <STKDUP>
  011: <FETCH>
  012: <ISTKPSH>(I|17)
  013: <OUT>
  014: <STKMV@R>
  015: <INC>
  016: <STKCP@R>
  017: <STKOVR>
  018: <STKMV>
  019: <CEQ>
  020: <CJMP>(I|-12)
  021: <STKPOP@R>
  022: <STKPOP@R>
  023: <STKPOP>
  024: <RET>
  025: <STKDUP>
  026: <INC>
  027: <ISTKPSH>(I|33)
  028: <IN>
  029: <STKDUP>
  030: <ISTKPSH>(I|10)
  031: <CEQ>
  032: <INV>
  033: <CJMP>(I|3)
  034: <STKOVR>
  035: <STORE>
  036: <RJMP>(I|-11)
  037: <STKPOP>
  038: <STKOVR>
  039: <SUB>
  040: <DEC>
  041: <STKSWP>
  042: <STORE>
  043: <RET>
  044: <ISTKPSH>(I|46)
  045: <RET>
logs: |
  [INFO] machine.io.dev_printer: at 4142 WRITE DEV 10 REG 01 VAL 00000048
  [INFO] machine.io.dev_printer: at 7502 WRITE DEV 10 REG 01 VAL 00000065
  [INFO] machine.io.dev_printer: at 10862 WRITE DEV 10 REG 01 VAL 0000006c
  [INFO] machine.io.dev_printer: at 14222 WRITE DEV 10 REG 01 VAL 0000006c
  [INFO] machine.io.dev_printer: at 17582 WRITE DEV 10 REG 01 VAL 0000006f
  [INFO] machine.io.dev_printer: at 20942 WRITE DEV 10 REG 01 VAL 00000020
  [INFO] machine.io.dev_printer: at 24302 WRITE DEV 10 REG 01 VAL 00000057
  [INFO] machine.io.dev_printer: at 27662 WRITE DEV 10 REG 01 VAL 0000006f
  [INFO] machine.io.dev_printer: at 31022 WRITE DEV 10 REG 01 VAL 00000072
  [INFO] machine.io.dev_printer: at 34382 WRITE DEV 10 REG 01 VAL 0000006c
  [INFO] machine.io.dev_printer: at 37742 WRITE DEV 10 REG 01 VAL 00000064
  [INFO] machine.io.dev_printer: at 41102 WRITE DEV 10 REG 01 VAL 00000021
