in_forth: |-
  : func 5 mod 0 = if 89 else 78 then emit ;
  1 func 2 func 5 func 10 func 11 func cr

  : func2 
    dup 
    3 mod 0 = 
      if 
        5 mod 0 = if 15 else 3 then 
      else 
        5 mod 0 = if 5 else 0 then 
      then 
      . cr ;
    
  1 func2 3 func2 5 func2 10 func2 15 func2 18 func2 20 func2
  halt
in_stdin: ''
out_stdout: |
  NNYYN
  0
  3
  5
  5
  15
  3
  5
out_trace: |-
  | IP       | CR       |       PS | DS_TOP   | DS_PRV   | RS_TOP   |   RS_PRV |
  |----------|----------|----------|----------|----------|----------|----------|
  | 00000001 | 20000001 | 00000000 | 00000001 | 00000000 | 00000000 | 00000000 |
  | 0000001c | 4030001a | 00000000 | 00000001 | 00000000 | 00000002 | 00000000 |
  | 0000001d | 20000005 | 00000000 | 00000005 | 00000001 | 00000002 | 00000000 |
  | 0000001e | 10400000 | 00000000 | 00000001 | 00000000 | 00000002 | 00000000 |
  | 0000001f | 20000000 | 00000000 | 00000000 | 00000001 | 00000002 | 00000000 |
  | 00000020 | 30400000 | 00000000 | 00000000 | 00000000 | 00000002 | 00000000 |
  | 00000023 | 40200002 | 00000000 | 00000000 | 00000000 | 00000002 | 00000000 |
  | 00000024 | 2000004e | 00000000 | 0000004e | 00000000 | 00000002 | 00000000 |
  | 00000025 | 20000011 | 00000000 | 00000011 | 0000004e | 00000002 | 00000000 |
  | 00000026 | 00300000 | 00000000 | 00000000 | 00000000 | 00000002 | 00000000 |
  | 00000002 | 40400000 | 00000000 | 00000000 | 00000000 | 00000000 | 00000000 |
  | 00000003 | 20000002 | 00000000 | 00000002 | 00000000 | 00000000 | 00000000 |
  | 0000001c | 40300018 | 00000000 | 00000002 | 00000000 | 00000004 | 00000000 |
  | 0000001d | 20000005 | 00000000 | 00000005 | 00000002 | 00000004 | 00000000 |
  | 0000001e | 10400000 | 00000000 | 00000002 | 00000000 | 00000004 | 00000000 |
  | 0000001f | 20000000 | 00000000 | 00000000 | 00000002 | 00000004 | 00000000 |
  | 00000020 | 30400000 | 00000000 | 00000000 | 00000000 | 00000004 | 00000000 |
  | 00000023 | 40200002 | 00000000 | 00000000 | 00000000 | 00000004 | 00000000 |
  | 00000024 | 2000004e | 00000000 | 0000004e | 00000000 | 00000004 | 00000000 |
  | 00000025 | 20000011 | 00000000 | 00000011 | 0000004e | 00000004 | 00000000 |
  | 00000026 | 00300000 | 00000000 | 00000000 | 00000000 | 00000004 | 00000000 |
  | 00000004 | 40400000 | 00000000 | 00000000 | 00000000 | 00000000 | 00000000 |
  | 00000005 | 20000005 | 00000000 | 00000005 | 00000000 | 00000000 | 00000000 |
  | 0000001c | 40300016 | 00000000 | 00000005 | 00000000 | 00000006 | 00000000 |
  | 0000001d | 20000005 | 00000000 | 00000005 | 00000005 | 00000006 | 00000000 |
  | 0000001e | 10400000 | 00000000 | 00000000 | 00000000 | 00000006 | 00000000 |
  | 0000001f | 20000000 | 00000000 | 00000000 | 00000000 | 00000006 | 00000000 |
  | 00000020 | 30400000 | 00000001 | 00000001 | 00000000 | 00000006 | 00000000 |
  | 00000021 | 40200002 | 00000001 | 00000000 | 00000000 | 00000006 | 00000000 |
  | 00000022 | 20000059 | 00000001 | 00000059 | 00000000 | 00000006 | 00000000 |
  | 00000024 | 40100001 | 00000001 | 00000059 | 00000000 | 00000006 | 00000000 |
  | 00000025 | 20000011 | 00000001 | 00000011 | 00000059 | 00000006 | 00000000 |
  | 00000026 | 00300000 | 00000001 | 00000000 | 00000000 | 00000006 | 00000000 |
  | 00000006 | 40400000 | 00000001 | 00000000 | 00000000 | 00000000 | 00000000 |
  | 00000007 | 2000000a | 00000001 | 0000000a | 00000000 | 00000000 | 00000000 |
  | 0000001c | 40300014 | 00000001 | 0000000a | 00000000 | 00000008 | 00000000 |
  | 0000001d | 20000005 | 00000001 | 00000005 | 0000000a | 00000008 | 00000000 |
  | 0000001e | 10400000 | 00000001 | 00000000 | 00000000 | 00000008 | 00000000 |
  | 0000001f | 20000000 | 00000001 | 00000000 | 00000000 | 00000008 | 00000000 |
  | 00000020 | 30400000 | 00000001 | 00000001 | 00000000 | 00000008 | 00000000 |
  | 00000021 | 40200002 | 00000001 | 00000000 | 00000000 | 00000008 | 00000000 |
  | 00000022 | 20000059 | 00000001 | 00000059 | 00000000 | 00000008 | 00000000 |
  | 00000024 | 40100001 | 00000001 | 00000059 | 00000000 | 00000008 | 00000000 |
  | 00000025 | 20000011 | 00000001 | 00000011 | 00000059 | 00000008 | 00000000 |
  | 00000026 | 00300000 | 00000001 | 00000000 | 00000000 | 00000008 | 00000000 |
  | 00000008 | 40400000 | 00000001 | 00000000 | 00000000 | 00000000 | 00000000 |
  | 00000009 | 2000000b | 00000001 | 0000000b | 00000000 | 00000000 | 00000000 |
  | 0000001c | 40300012 | 00000001 | 0000000b | 00000000 | 0000000a | 00000000 |
  | 0000001d | 20000005 | 00000001 | 00000005 | 0000000b | 0000000a | 00000000 |
  | 0000001e | 10400000 | 00000001 | 00000001 | 00000000 | 0000000a | 00000000 |
  | 0000001f | 20000000 | 00000001 | 00000000 | 00000001 | 0000000a | 00000000 |
  | 00000020 | 30400000 | 00000000 | 00000000 | 00000000 | 0000000a | 00000000 |
  | 00000023 | 40200002 | 00000000 | 00000000 | 00000000 | 0000000a | 00000000 |
  | 00000024 | 2000004e | 00000000 | 0000004e | 00000000 | 0000000a | 00000000 |
  | 00000025 | 20000011 | 00000000 | 00000011 | 0000004e | 0000000a | 00000000 |
  | 00000026 | 00300000 | 00000000 | 00000000 | 00000000 | 0000000a | 00000000 |
  | 0000000a | 40400000 | 00000000 | 00000000 | 00000000 | 00000000 | 00000000 |
  | 0000000b | 2000000a | 00000000 | 0000000a | 00000000 | 00000000 | 00000000 |
  | 0000000c | 20000011 | 00000000 | 00000011 | 0000000a | 00000000 | 00000000 |
  | 0000000d | 00300000 | 00000000 | 00000000 | 00000000 | 00000000 | 00000000 |
  | 0000000e | 20000001 | 00000000 | 00000001 | 00000000 | 00000000 | 00000000 |
  | 00000027 | 40300018 | 00000000 | 00000001 | 00000000 | 0000000f | 00000000 |
  | 00000028 | 20500000 | 00000000 | 00000001 | 00000001 | 0000000f | 00000000 |
  | 00000029 | 20000003 | 00000000 | 00000003 | 00000001 | 0000000f | 00000000 |
  | 0000002a | 10400000 | 00000000 | 00000001 | 00000001 | 0000000f | 00000000 |
  | 0000002b | 20000000 | 00000000 | 00000000 | 00000001 | 0000000f | 00000000 |
  | 0000002c | 30400000 | 00000000 | 00000000 | 00000001 | 0000000f | 00000000 |
  | 00000036 | 40200009 | 00000000 | 00000001 | 00000000 | 0000000f | 00000000 |
  | 00000037 | 20000005 | 00000000 | 00000005 | 00000001 | 0000000f | 00000000 |
  | 00000038 | 10400000 | 00000000 | 00000001 | 00000000 | 0000000f | 00000000 |
  | 00000039 | 20000000 | 00000000 | 00000000 | 00000001 | 0000000f | 00000000 |
  | 0000003a | 30400000 | 00000000 | 00000000 | 00000000 | 0000000f | 00000000 |
  | 0000003d | 40200002 | 00000000 | 00000000 | 00000000 | 0000000f | 00000000 |
  | 0000003e | 20000000 | 00000000 | 00000000 | 00000000 | 0000000f | 00000000 |
  | 0000003f | 20000012 | 00000000 | 00000012 | 00000000 | 0000000f | 00000000 |
  | 00000040 | 00300000 | 00000000 | 00000000 | 00000000 | 0000000f | 00000000 |
  | 00000041 | 2000000a | 00000000 | 0000000a | 00000000 | 0000000f | 00000000 |
  | 00000042 | 20000011 | 00000000 | 00000011 | 0000000a | 0000000f | 00000000 |
  | 00000043 | 00300000 | 00000000 | 00000000 | 00000000 | 0000000f | 00000000 |
  | 0000000f | 40400000 | 00000000 | 00000000 | 00000000 | 00000000 | 00000000 |
  | 00000010 | 20000003 | 00000000 | 00000003 | 00000000 | 00000000 | 00000000 |
  | 00000027 | 40300016 | 00000000 | 00000003 | 00000000 | 00000011 | 00000000 |
  | 00000028 | 20500000 | 00000000 | 00000003 | 00000003 | 00000011 | 00000000 |
  | 00000029 | 20000003 | 00000000 | 00000003 | 00000003 | 00000011 | 00000000 |
  | 0000002a | 10400000 | 00000000 | 00000000 | 00000003 | 00000011 | 00000000 |
  | 0000002b | 20000000 | 00000000 | 00000000 | 00000000 | 00000011 | 00000000 |
  | 0000002c | 30400000 | 00000001 | 00000001 | 00000003 | 00000011 | 00000000 |
  | 0000002d | 40200009 | 00000001 | 00000003 | 00000000 | 00000011 | 00000000 |
  | 0000002e | 20000005 | 00000001 | 00000005 | 00000003 | 00000011 | 00000000 |
  | 0000002f | 10400000 | 00000001 | 00000003 | 00000000 | 00000011 | 00000000 |
  | 00000030 | 20000000 | 00000001 | 00000000 | 00000003 | 00000011 | 00000000 |
  | 00000031 | 30400000 | 00000000 | 00000000 | 00000000 | 00000011 | 00000000 |
  | 00000034 | 40200002 | 00000000 | 00000000 | 00000000 | 00000011 | 00000000 |
  | 00000035 | 20000003 | 00000000 | 00000003 | 00000000 | 00000011 | 00000000 |
  | 0000003e | 40100008 | 00000000 | 00000003 | 00000000 | 00000011 | 00000000 |
  | 0000003f | 20000012 | 00000000 | 00000012 | 00000003 | 00000011 | 00000000 |
  | 00000040 | 00300000 | 00000000 | 00000000 | 00000000 | 00000011 | 00000000 |
  | 00000041 | 2000000a | 00000000 | 0000000a | 00000000 | 00000011 | 00000000 |
  | 00000042 | 20000011 | 00000000 | 00000011 | 0000000a | 00000011 | 00000000 |
  | 00000043 | 00300000 | 00000000 | 00000000 | 00000000 | 00000011 | 00000000 |
  | 00000011 | 40400000 | 00000000 | 00000000 | 00000000 | 00000000 | 00000000 |
  | 00000012 | 20000005 | 00000000 | 00000005 | 00000000 | 00000000 | 00000000 |
  | 00000027 | 40300014 | 00000000 | 00000005 | 00000000 | 00000013 | 00000000 |
  | 00000028 | 20500000 | 00000000 | 00000005 | 00000005 | 00000013 | 00000000 |
  | 00000029 | 20000003 | 00000000 | 00000003 | 00000005 | 00000013 | 00000000 |
  | 0000002a | 10400000 | 00000000 | 00000002 | 00000005 | 00000013 | 00000000 |
  | 0000002b | 20000000 | 00000000 | 00000000 | 00000002 | 00000013 | 00000000 |
  | 0000002c | 30400000 | 00000000 | 00000000 | 00000005 | 00000013 | 00000000 |
  | 00000036 | 40200009 | 00000000 | 00000005 | 00000000 | 00000013 | 00000000 |
  | 00000037 | 20000005 | 00000000 | 00000005 | 00000005 | 00000013 | 00000000 |
  | 00000038 | 10400000 | 00000000 | 00000000 | 00000000 | 00000013 | 00000000 |
  | 00000039 | 20000000 | 00000000 | 00000000 | 00000000 | 00000013 | 00000000 |
  | 0000003a | 30400000 | 00000001 | 00000001 | 00000000 | 00000013 | 00000000 |
  | 0000003b | 40200002 | 00000001 | 00000000 | 00000000 | 00000013 | 00000000 |
  | 0000003c | 20000005 | 00000001 | 00000005 | 00000000 | 00000013 | 00000000 |
  | 0000003e | 40100001 | 00000001 | 00000005 | 00000000 | 00000013 | 00000000 |
  | 0000003f | 20000012 | 00000001 | 00000012 | 00000005 | 00000013 | 00000000 |
  | 00000040 | 00300000 | 00000001 | 00000000 | 00000000 | 00000013 | 00000000 |
  | 00000041 | 2000000a | 00000001 | 0000000a | 00000000 | 00000013 | 00000000 |
  | 00000042 | 20000011 | 00000001 | 00000011 | 0000000a | 00000013 | 00000000 |
  | 00000043 | 00300000 | 00000001 | 00000000 | 00000000 | 00000013 | 00000000 |
  | 00000013 | 40400000 | 00000001 | 00000000 | 00000000 | 00000000 | 00000000 |
  | 00000014 | 2000000a | 00000001 | 0000000a | 00000000 | 00000000 | 00000000 |
  | 00000027 | 40300012 | 00000001 | 0000000a | 00000000 | 00000015 | 00000000 |
  | 00000028 | 20500000 | 00000001 | 0000000a | 0000000a | 00000015 | 00000000 |
  | 00000029 | 20000003 | 00000001 | 00000003 | 0000000a | 00000015 | 00000000 |
  | 0000002a | 10400000 | 00000001 | 00000001 | 0000000a | 00000015 | 00000000 |
  | 0000002b | 20000000 | 00000001 | 00000000 | 00000001 | 00000015 | 00000000 |
  | 0000002c | 30400000 | 00000000 | 00000000 | 0000000a | 00000015 | 00000000 |
  | 00000036 | 40200009 | 00000000 | 0000000a | 00000000 | 00000015 | 00000000 |
  | 00000037 | 20000005 | 00000000 | 00000005 | 0000000a | 00000015 | 00000000 |
  | 00000038 | 10400000 | 00000000 | 00000000 | 00000000 | 00000015 | 00000000 |
  | 00000039 | 20000000 | 00000000 | 00000000 | 00000000 | 00000015 | 00000000 |
  | 0000003a | 30400000 | 00000001 | 00000001 | 00000000 | 00000015 | 00000000 |
  | 0000003b | 40200002 | 00000001 | 00000000 | 00000000 | 00000015 | 00000000 |
  | 0000003c | 20000005 | 00000001 | 00000005 | 00000000 | 00000015 | 00000000 |
  | 0000003e | 40100001 | 00000001 | 00000005 | 00000000 | 00000015 | 00000000 |
  | 0000003f | 20000012 | 00000001 | 00000012 | 00000005 | 00000015 | 00000000 |
  | 00000040 | 00300000 | 00000001 | 00000000 | 00000000 | 00000015 | 00000000 |
  | 00000041 | 2000000a | 00000001 | 0000000a | 00000000 | 00000015 | 00000000 |
  | 00000042 | 20000011 | 00000001 | 00000011 | 0000000a | 00000015 | 00000000 |
  | 00000043 | 00300000 | 00000001 | 00000000 | 00000000 | 00000015 | 00000000 |
  | 00000015 | 40400000 | 00000001 | 00000000 | 00000000 | 00000000 | 00000000 |
  | 00000016 | 2000000f | 00000001 | 0000000f | 00000000 | 00000000 | 00000000 |
  | 00000027 | 40300010 | 00000001 | 0000000f | 00000000 | 00000017 | 00000000 |
  | 00000028 | 20500000 | 00000001 | 0000000f | 0000000f | 00000017 | 00000000 |
  | 00000029 | 20000003 | 00000001 | 00000003 | 0000000f | 00000017 | 00000000 |
  | 0000002a | 10400000 | 00000001 | 00000000 | 0000000f | 00000017 | 00000000 |
  | 0000002b | 20000000 | 00000001 | 00000000 | 00000000 | 00000017 | 00000000 |
  | 0000002c | 30400000 | 00000001 | 00000001 | 0000000f | 00000017 | 00000000 |
  | 0000002d | 40200009 | 00000001 | 0000000f | 00000000 | 00000017 | 00000000 |
  | 0000002e | 20000005 | 00000001 | 00000005 | 0000000f | 00000017 | 00000000 |
  | 0000002f | 10400000 | 00000001 | 00000000 | 00000000 | 00000017 | 00000000 |
  | 00000030 | 20000000 | 00000001 | 00000000 | 00000000 | 00000017 | 00000000 |
  | 00000031 | 30400000 | 00000001 | 00000001 | 00000000 | 00000017 | 00000000 |
  | 00000032 | 40200002 | 00000001 | 00000000 | 00000000 | 00000017 | 00000000 |
  | 00000033 | 2000000f | 00000001 | 0000000f | 00000000 | 00000017 | 00000000 |
  | 00000035 | 40100001 | 00000001 | 0000000f | 00000000 | 00000017 | 00000000 |
  | 0000003e | 40100008 | 00000001 | 0000000f | 00000000 | 00000017 | 00000000 |
  | 0000003f | 20000012 | 00000001 | 00000012 | 0000000f | 00000017 | 00000000 |
  | 00000040 | 00300000 | 00000001 | 00000000 | 00000000 | 00000017 | 00000000 |
  | 00000041 | 2000000a | 00000001 | 0000000a | 00000000 | 00000017 | 00000000 |
  | 00000042 | 20000011 | 00000001 | 00000011 | 0000000a | 00000017 | 00000000 |
  | 00000043 | 00300000 | 00000001 | 00000000 | 00000000 | 00000017 | 00000000 |
  | 00000017 | 40400000 | 00000001 | 00000000 | 00000000 | 00000000 | 00000000 |
  | 00000018 | 20000012 | 00000001 | 00000012 | 00000000 | 00000000 | 00000000 |
  | 00000027 | 4030000e | 00000001 | 00000012 | 00000000 | 00000019 | 00000000 |
  | 00000028 | 20500000 | 00000001 | 00000012 | 00000012 | 00000019 | 00000000 |
  | 00000029 | 20000003 | 00000001 | 00000003 | 00000012 | 00000019 | 00000000 |
  | 0000002a | 10400000 | 00000001 | 00000000 | 00000012 | 00000019 | 00000000 |
  | 0000002b | 20000000 | 00000001 | 00000000 | 00000000 | 00000019 | 00000000 |
  | 0000002c | 30400000 | 00000001 | 00000001 | 00000012 | 00000019 | 00000000 |
  | 0000002d | 40200009 | 00000001 | 00000012 | 00000000 | 00000019 | 00000000 |
  | 0000002e | 20000005 | 00000001 | 00000005 | 00000012 | 00000019 | 00000000 |
  | 0000002f | 10400000 | 00000001 | 00000003 | 00000000 | 00000019 | 00000000 |
  | 00000030 | 20000000 | 00000001 | 00000000 | 00000003 | 00000019 | 00000000 |
  | 00000031 | 30400000 | 00000000 | 00000000 | 00000000 | 00000019 | 00000000 |
  | 00000034 | 40200002 | 00000000 | 00000000 | 00000000 | 00000019 | 00000000 |
  | 00000035 | 20000003 | 00000000 | 00000003 | 00000000 | 00000019 | 00000000 |
  | 0000003e | 40100008 | 00000000 | 00000003 | 00000000 | 00000019 | 00000000 |
  | 0000003f | 20000012 | 00000000 | 00000012 | 00000003 | 00000019 | 00000000 |
  | 00000040 | 00300000 | 00000000 | 00000000 | 00000000 | 00000019 | 00000000 |
  | 00000041 | 2000000a | 00000000 | 0000000a | 00000000 | 00000019 | 00000000 |
  | 00000042 | 20000011 | 00000000 | 00000011 | 0000000a | 00000019 | 00000000 |
  | 00000043 | 00300000 | 00000000 | 00000000 | 00000000 | 00000019 | 00000000 |
  | 00000019 | 40400000 | 00000000 | 00000000 | 00000000 | 00000000 | 00000000 |
  | 0000001a | 20000014 | 00000000 | 00000014 | 00000000 | 00000000 | 00000000 |
  | 00000027 | 4030000c | 00000000 | 00000014 | 00000000 | 0000001b | 00000000 |
  | 00000028 | 20500000 | 00000000 | 00000014 | 00000014 | 0000001b | 00000000 |
  | 00000029 | 20000003 | 00000000 | 00000003 | 00000014 | 0000001b | 00000000 |
  | 0000002a | 10400000 | 00000000 | 00000002 | 00000014 | 0000001b | 00000000 |
  | 0000002b | 20000000 | 00000000 | 00000000 | 00000002 | 0000001b | 00000000 |
  | 0000002c | 30400000 | 00000000 | 00000000 | 00000014 | 0000001b | 00000000 |
  | 00000036 | 40200009 | 00000000 | 00000014 | 00000000 | 0000001b | 00000000 |
  | 00000037 | 20000005 | 00000000 | 00000005 | 00000014 | 0000001b | 00000000 |
  | 00000038 | 10400000 | 00000000 | 00000000 | 00000000 | 0000001b | 00000000 |
  | 00000039 | 20000000 | 00000000 | 00000000 | 00000000 | 0000001b | 00000000 |
  | 0000003a | 30400000 | 00000001 | 00000001 | 00000000 | 0000001b | 00000000 |
  | 0000003b | 40200002 | 00000001 | 00000000 | 00000000 | 0000001b | 00000000 |
  | 0000003c | 20000005 | 00000001 | 00000005 | 00000000 | 0000001b | 00000000 |
  | 0000003e | 40100001 | 00000001 | 00000005 | 00000000 | 0000001b | 00000000 |
  | 0000003f | 20000012 | 00000001 | 00000012 | 00000005 | 0000001b | 00000000 |
  | 00000040 | 00300000 | 00000001 | 00000000 | 00000000 | 0000001b | 00000000 |
  | 00000041 | 2000000a | 00000001 | 0000000a | 00000000 | 0000001b | 00000000 |
  | 00000042 | 20000011 | 00000001 | 00000011 | 0000000a | 0000001b | 00000000 |
  | 00000043 | 00300000 | 00000001 | 00000000 | 00000000 | 0000001b | 00000000 |
  | 0000001b | 40400000 | 00000001 | 00000000 | 00000000 | 00000000 | 00000000 |
out_compiled: |-
  000: <ISTKPSH>(I|1)
  001: <RCALL>(I|26)
  002: <ISTKPSH>(I|2)
  003: <RCALL>(I|24)
  004: <ISTKPSH>(I|5)
  005: <RCALL>(I|22)
  006: <ISTKPSH>(I|10)
  007: <RCALL>(I|20)
  008: <ISTKPSH>(I|11)
  009: <RCALL>(I|18)
  010: <ISTKPSH>(I|10)
  011: <ISTKPSH>(I|17)
  012: <OUT>
  013: <ISTKPSH>(I|1)
  014: <RCALL>(I|24)
  015: <ISTKPSH>(I|3)
  016: <RCALL>(I|22)
  017: <ISTKPSH>(I|5)
  018: <RCALL>(I|20)
  019: <ISTKPSH>(I|10)
  020: <RCALL>(I|18)
  021: <ISTKPSH>(I|15)
  022: <RCALL>(I|16)
  023: <ISTKPSH>(I|18)
  024: <RCALL>(I|14)
  025: <ISTKPSH>(I|20)
  026: <RCALL>(I|12)
  027: <HLT>
  028: <ISTKPSH>(I|5)
  029: <MOD>
  030: <ISTKPSH>(I|0)
  031: <CEQ>
  032: <CJMP>(I|2)
  033: <ISTKPSH>(I|89)
  034: <RJMP>(I|1)
  035: <ISTKPSH>(I|78)
  036: <ISTKPSH>(I|17)
  037: <OUT>
  038: <RET>
  039: <STKDUP>
  040: <ISTKPSH>(I|3)
  041: <MOD>
  042: <ISTKPSH>(I|0)
  043: <CEQ>
  044: <CJMP>(I|9)
  045: <ISTKPSH>(I|5)
  046: <MOD>
  047: <ISTKPSH>(I|0)
  048: <CEQ>
  049: <CJMP>(I|2)
  050: <ISTKPSH>(I|15)
  051: <RJMP>(I|1)
  052: <ISTKPSH>(I|3)
  053: <RJMP>(I|8)
  054: <ISTKPSH>(I|5)
  055: <MOD>
  056: <ISTKPSH>(I|0)
  057: <CEQ>
  058: <CJMP>(I|2)
  059: <ISTKPSH>(I|5)
  060: <RJMP>(I|1)
  061: <ISTKPSH>(I|0)
  062: <ISTKPSH>(I|18)
  063: <OUT>
  064: <ISTKPSH>(I|10)
  065: <ISTKPSH>(I|17)
  066: <OUT>
  067: <RET>
