in_forth: |-
  9 8 7 + * . halt
in_stdin: ''
out_trace: |-
  |       IP |       CR |       PS | DS_TOP   |   DS_PRV |   RS_TOP |   RS_PRV |
  |----------|----------|----------|----------|----------|----------|----------|
  | 00000001 | 20000009 | 00000000 | 00000009 | 00000000 | 00000000 | 00000000 |
  | 00000002 | 20000008 | 00000000 | 00000008 | 00000009 | 00000000 | 00000000 |
  | 00000003 | 20000007 | 00000000 | 00000007 | 00000008 | 00000000 | 00000000 |
  | 00000004 | 10000000 | 00000000 | 0000000f | 00000009 | 00000000 | 00000000 |
  | 00000005 | 10300000 | 00000000 | 00000087 | 00000000 | 00000000 | 00000000 |
  | 00000006 | 20000012 | 00000000 | 00000012 | 00000087 | 00000000 | 00000000 |
  | 00000007 | 00300000 | 00000000 | 00000000 | 00000000 | 00000000 | 00000000 |
out_stdout: '135'
out_compiled: |-
  000: <ISTKPSH>(I|9)
  001: <ISTKPSH>(I|8)
  002: <ISTKPSH>(I|7)
  003: <ADD>
  004: <MUL>
  005: <ISTKPSH>(I|18)
  006: <OUT>
  007: <HLT>
