in_forth: |-
  \import src/compiler/forthlib/iolib.fth

  halt
in_stdin: ''
out_stdout: |-
  he
out_trace: |-
  |       IP |       CR |       PS |   DS_TOP |   DS_PRV |   RS_TOP |   RS_PRV |
  |----------|----------|----------|----------|----------|----------|----------|
  | 00000002 | 40300001 | 00000000 | 00000000 | 00000000 | 00000001 | 00000000 |
  | 00000003 | 20000068 | 00000000 | 00000068 | 00000000 | 00000001 | 00000000 |
  | 00000004 | 20000011 | 00000000 | 00000011 | 00000068 | 00000001 | 00000000 |
  | 00000005 | 00300000 | 00000000 | 00000000 | 00000000 | 00000001 | 00000000 |
  | 00000006 | 20000065 | 00000000 | 00000065 | 00000000 | 00000001 | 00000000 |
  | 00000007 | 20000011 | 00000000 | 00000011 | 00000065 | 00000001 | 00000000 |
  | 00000008 | 00300000 | 00000000 | 00000000 | 00000000 | 00000001 | 00000000 |
  | 00000001 | 40400000 | 00000000 | 00000000 | 00000000 | 00000000 | 00000000 |
out_compiled: |-
  000: <RCALL>(I|1)
  001: <HLT>
  002: <ISTKPSH>(I|104)
  003: <ISTKPSH>(I|17)
  004: <OUT>
  005: <ISTKPSH>(I|101)
  006: <ISTKPSH>(I|17)
  007: <OUT>
  008: <RET>
