in_forth: |-
  1231 30211 + . cr
  1231 30211 - . cr
  412 542 * . cr
  4120 21 / . cr
  4120 123 mod . cr
  halt
in_stdin: '@'
out_trace: |-
  | IP       | CR       |       PS | DS_TOP   | DS_PRV   |   RS_TOP |   RS_PRV |
  |----------|----------|----------|----------|----------|----------|----------|
  | 00000001 | 200004cf | 00000000 | 000004cf | 00000000 | 00000000 | 00000000 |
  | 00000002 | 20007603 | 00000000 | 00007603 | 000004cf | 00000000 | 00000000 |
  | 00000003 | 10000000 | 00000000 | 00007ad2 | 00000000 | 00000000 | 00000000 |
  | 00000004 | 20000012 | 00000000 | 00000012 | 00007ad2 | 00000000 | 00000000 |
  | 00000005 | 00300000 | 00000000 | 00000000 | 00000000 | 00000000 | 00000000 |
  | 00000006 | 2000000a | 00000000 | 0000000a | 00000000 | 00000000 | 00000000 |
  | 00000007 | 20000011 | 00000000 | 00000011 | 0000000a | 00000000 | 00000000 |
  | 00000008 | 00300000 | 00000000 | 00000000 | 00000000 | 00000000 | 00000000 |
  | 00000009 | 200004cf | 00000000 | 000004cf | 00000000 | 00000000 | 00000000 |
  | 0000000a | 20007603 | 00000000 | 00007603 | 000004cf | 00000000 | 00000000 |
  | 0000000b | 10100000 | 00000000 | ffff8ecc | 00000000 | 00000000 | 00000000 |
  | 0000000c | 20000012 | 00000000 | 00000012 | ffff8ecc | 00000000 | 00000000 |
  | 0000000d | 00300000 | 00000000 | 00000000 | 00000000 | 00000000 | 00000000 |
  | 0000000e | 2000000a | 00000000 | 0000000a | 00000000 | 00000000 | 00000000 |
  | 0000000f | 20000011 | 00000000 | 00000011 | 0000000a | 00000000 | 00000000 |
  | 00000010 | 00300000 | 00000000 | 00000000 | 00000000 | 00000000 | 00000000 |
  | 00000011 | 2000019c | 00000000 | 0000019c | 00000000 | 00000000 | 00000000 |
  | 00000012 | 2000021e | 00000000 | 0000021e | 0000019c | 00000000 | 00000000 |
  | 00000013 | 10300000 | 00000000 | 00036848 | 00000000 | 00000000 | 00000000 |
  | 00000014 | 20000012 | 00000000 | 00000012 | 00036848 | 00000000 | 00000000 |
  | 00000015 | 00300000 | 00000000 | 00000000 | 00000000 | 00000000 | 00000000 |
  | 00000016 | 2000000a | 00000000 | 0000000a | 00000000 | 00000000 | 00000000 |
  | 00000017 | 20000011 | 00000000 | 00000011 | 0000000a | 00000000 | 00000000 |
  | 00000018 | 00300000 | 00000000 | 00000000 | 00000000 | 00000000 | 00000000 |
  | 00000019 | 20001018 | 00000000 | 00001018 | 00000000 | 00000000 | 00000000 |
  | 0000001a | 20000015 | 00000000 | 00000015 | 00001018 | 00000000 | 00000000 |
  | 0000001b | 10200000 | 00000000 | 000000c4 | 00000000 | 00000000 | 00000000 |
  | 0000001c | 20000012 | 00000000 | 00000012 | 000000c4 | 00000000 | 00000000 |
  | 0000001d | 00300000 | 00000000 | 00000000 | 00000000 | 00000000 | 00000000 |
  | 0000001e | 2000000a | 00000000 | 0000000a | 00000000 | 00000000 | 00000000 |
  | 0000001f | 20000011 | 00000000 | 00000011 | 0000000a | 00000000 | 00000000 |
  | 00000020 | 00300000 | 00000000 | 00000000 | 00000000 | 00000000 | 00000000 |
  | 00000021 | 20001018 | 00000000 | 00001018 | 00000000 | 00000000 | 00000000 |
  | 00000022 | 2000007b | 00000000 | 0000007b | 00001018 | 00000000 | 00000000 |
  | 00000023 | 10400000 | 00000000 | 0000003d | 00000000 | 00000000 | 00000000 |
  | 00000024 | 20000012 | 00000000 | 00000012 | 0000003d | 00000000 | 00000000 |
  | 00000025 | 00300000 | 00000000 | 00000000 | 00000000 | 00000000 | 00000000 |
  | 00000026 | 2000000a | 00000000 | 0000000a | 00000000 | 00000000 | 00000000 |
  | 00000027 | 20000011 | 00000000 | 00000011 | 0000000a | 00000000 | 00000000 |
  | 00000028 | 00300000 | 00000000 | 00000000 | 00000000 | 00000000 | 00000000 |
out_stdout: |
  31442
  4294938316
  223304
  196
  61
out_compiled: |-
  000: <ISTKPSH>(I|1231)
  001: <ISTKPSH>(I|30211)
  002: <ADD>
  003: <ISTKPSH>(I|18)
  004: <OUT>
  005: <ISTKPSH>(I|10)
  006: <ISTKPSH>(I|17)
  007: <OUT>
  008: <ISTKPSH>(I|1231)
  009: <ISTKPSH>(I|30211)
  010: <SUB>
  011: <ISTKPSH>(I|18)
  012: <OUT>
  013: <ISTKPSH>(I|10)
  014: <ISTKPSH>(I|17)
  015: <OUT>
  016: <ISTKPSH>(I|412)
  017: <ISTKPSH>(I|542)
  018: <MUL>
  019: <ISTKPSH>(I|18)
  020: <OUT>
  021: <ISTKPSH>(I|10)
  022: <ISTKPSH>(I|17)
  023: <OUT>
  024: <ISTKPSH>(I|4120)
  025: <ISTKPSH>(I|21)
  026: <DIV>
  027: <ISTKPSH>(I|18)
  028: <OUT>
  029: <ISTKPSH>(I|10)
  030: <ISTKPSH>(I|17)
  031: <OUT>
  032: <ISTKPSH>(I|4120)
  033: <ISTKPSH>(I|123)
  034: <MOD>
  035: <ISTKPSH>(I|18)
  036: <OUT>
  037: <ISTKPSH>(I|10)
  038: <ISTKPSH>(I|17)
  039: <OUT>
  040: <HLT>
