in_forth: |-
  1 2 3 4 
  drop over swap 
  . cr . cr . cr . 
  halt
in_stdin: ''
out_trace: |-
  |   TIME |        A |        B |        C | IP       | CR       | AR       |       PS | DRR      |      DRW |   DS_SP | DS_TOP   | DS_PRV   |   RS_SP |   RS_TOP |   RS_PRV |    IO_RD |
  |--------|----------|----------|----------|----------|----------|----------|----------|----------|----------|---------|----------|----------|---------|----------|----------|----------|
  |    242 | 00000000 | 00000000 | 00000000 | 00000001 | 20000001 | 00000000 | 00000000 | 20000001 | 00000000 |      01 | 00000001 | 00000000 |      00 | 00000000 | 00000000 | 00000000 |
  |    502 | 00000000 | 00000000 | 00000000 | 00000002 | 20000002 | 00000001 | 00000000 | 20000002 | 00000000 |      02 | 00000002 | 00000001 |      00 | 00000000 | 00000000 | 00000000 |
  |    762 | 00000000 | 00000000 | 00000000 | 00000003 | 20000003 | 00000002 | 00000000 | 20000003 | 00000000 |      03 | 00000003 | 00000002 |      00 | 00000000 | 00000000 | 00000000 |
  |   1022 | 00000000 | 00000000 | 00000000 | 00000004 | 20000004 | 00000003 | 00000000 | 20000004 | 00000000 |      04 | 00000004 | 00000003 |      00 | 00000000 | 00000000 | 00000000 |
  |   1322 | 00000000 | 00000000 | 00000000 | 00000005 | 20300000 | 00000004 | 00000000 | 20300000 | 00000000 |      03 | 00000003 | 00000002 |      00 | 00000000 | 00000000 | 00000000 |
  |   1602 | 00000000 | 00000000 | 00000000 | 00000006 | 20400000 | 00000005 | 00000000 | 20400000 | 00000000 |      04 | 00000002 | 00000003 |      00 | 00000000 | 00000000 | 00000000 |
  |   1942 | 00000000 | 00000000 | 00000000 | 00000007 | 20600000 | 00000006 | 00000000 | 20600000 | 00000000 |      04 | 00000003 | 00000002 |      00 | 00000000 | 00000000 | 00000000 |
  |   2202 | 00000000 | 00000000 | 00000000 | 00000008 | 20000012 | 00000007 | 00000000 | 20000012 | 00000000 |      05 | 00000012 | 00000003 |      00 | 00000000 | 00000000 | 00000000 |
  |   2482 | 00000000 | 00000000 | 00000000 | 00000009 | 00300000 | 00000008 | 00000000 | 00300000 | 00000000 |      03 | 00000002 | 00000002 |      00 | 00000000 | 00000000 | 00000000 |
  |   2742 | 00000000 | 00000000 | 00000000 | 0000000a | 2000000a | 00000009 | 00000000 | 2000000a | 00000000 |      04 | 0000000a | 00000002 |      00 | 00000000 | 00000000 | 00000000 |
  |   3002 | 00000000 | 00000000 | 00000000 | 0000000b | 20000011 | 0000000a | 00000000 | 20000011 | 00000000 |      05 | 00000011 | 0000000a |      00 | 00000000 | 00000000 | 00000000 |
  |   3282 | 00000000 | 00000000 | 00000000 | 0000000c | 00300000 | 0000000b | 00000000 | 00300000 | 00000000 |      03 | 00000002 | 00000002 |      00 | 00000000 | 00000000 | 00000000 |
  |   3542 | 00000000 | 00000000 | 00000000 | 0000000d | 20000012 | 0000000c | 00000000 | 20000012 | 00000000 |      04 | 00000012 | 00000002 |      00 | 00000000 | 00000000 | 00000000 |
  |   3822 | 00000000 | 00000000 | 00000000 | 0000000e | 00300000 | 0000000d | 00000000 | 00300000 | 00000000 |      02 | 00000002 | 00000001 |      00 | 00000000 | 00000000 | 00000000 |
  |   4082 | 00000000 | 00000000 | 00000000 | 0000000f | 2000000a | 0000000e | 00000000 | 2000000a | 00000000 |      03 | 0000000a | 00000002 |      00 | 00000000 | 00000000 | 00000000 |
  |   4342 | 00000000 | 00000000 | 00000000 | 00000010 | 20000011 | 0000000f | 00000000 | 20000011 | 00000000 |      04 | 00000011 | 0000000a |      00 | 00000000 | 00000000 | 00000000 |
  |   4622 | 00000000 | 00000000 | 00000000 | 00000011 | 00300000 | 00000010 | 00000000 | 00300000 | 00000000 |      02 | 00000002 | 00000001 |      00 | 00000000 | 00000000 | 00000000 |
  |   4882 | 00000000 | 00000000 | 00000000 | 00000012 | 20000012 | 00000011 | 00000000 | 20000012 | 00000000 |      03 | 00000012 | 00000002 |      00 | 00000000 | 00000000 | 00000000 |
  |   5162 | 00000000 | 00000000 | 00000000 | 00000013 | 00300000 | 00000012 | 00000000 | 00300000 | 00000000 |      01 | 00000001 | 00000000 |      00 | 00000000 | 00000000 | 00000000 |
  |   5422 | 00000000 | 00000000 | 00000000 | 00000014 | 2000000a | 00000013 | 00000000 | 2000000a | 00000000 |      02 | 0000000a | 00000001 |      00 | 00000000 | 00000000 | 00000000 |
  |   5682 | 00000000 | 00000000 | 00000000 | 00000015 | 20000011 | 00000014 | 00000000 | 20000011 | 00000000 |      03 | 00000011 | 0000000a |      00 | 00000000 | 00000000 | 00000000 |
  |   5962 | 00000000 | 00000000 | 00000000 | 00000016 | 00300000 | 00000015 | 00000000 | 00300000 | 00000000 |      01 | 00000001 | 00000000 |      00 | 00000000 | 00000000 | 00000000 |
  |   6222 | 00000000 | 00000000 | 00000000 | 00000017 | 20000012 | 00000016 | 00000000 | 20000012 | 00000000 |      02 | 00000012 | 00000001 |      00 | 00000000 | 00000000 | 00000000 |
  |   6502 | 00000000 | 00000000 | 00000000 | 00000018 | 00300000 | 00000017 | 00000000 | 00300000 | 00000000 |      00 | 00000000 | 00000000 |      00 | 00000000 | 00000000 | 00000000 |
out_stdout: |-
  3
  2
  2
  1
out_compiled: |-
  000: <ISTKPSH>(I|1)
  001: <ISTKPSH>(I|2)
  002: <ISTKPSH>(I|3)
  003: <ISTKPSH>(I|4)
  004: <STKPOP>
  005: <STKOVR>
  006: <STKSWP>
  007: <ISTKPSH>(I|18)
  008: <OUT>
  009: <ISTKPSH>(I|10)
  010: <ISTKPSH>(I|17)
  011: <OUT>
  012: <ISTKPSH>(I|18)
  013: <OUT>
  014: <ISTKPSH>(I|10)
  015: <ISTKPSH>(I|17)
  016: <OUT>
  017: <ISTKPSH>(I|18)
  018: <OUT>
  019: <ISTKPSH>(I|10)
  020: <ISTKPSH>(I|17)
  021: <OUT>
  022: <ISTKPSH>(I|18)
  023: <OUT>
  024: <HLT>
logs: |
  [INFO] machine.io.dev_printer: at 2442 WRITE DEV 10 REG 02 VAL 00000003
  [INFO] machine.io.dev_printer: at 3242 WRITE DEV 10 REG 01 VAL 0000000a
  [INFO] machine.io.dev_printer: at 3782 WRITE DEV 10 REG 02 VAL 00000002
  [INFO] machine.io.dev_printer: at 4582 WRITE DEV 10 REG 01 VAL 0000000a
  [INFO] machine.io.dev_printer: at 5122 WRITE DEV 10 REG 02 VAL 00000002
  [INFO] machine.io.dev_printer: at 5922 WRITE DEV 10 REG 01 VAL 0000000a
  [INFO] machine.io.dev_printer: at 6462 WRITE DEV 10 REG 02 VAL 00000001
