in_forth: |-
  42 constant const0
  24 constant const1
  variable var0
  variable var1

  const0 var0 !
  const1 var1 !

  var0 @ . cr
  var1 @ . cr

  var0 @ var1 +!
  var1 @ . cr

  halt
in_stdin: abcdef.
out_stdout: |
  42
  24
  66
out_trace: |-
  |   TIME |        A |        B |        C | IP       | CR       | AR       |       PS | DRR      | DRW      |   DS_SP | DS_TOP   | DS_PRV   |   RS_SP |   RS_TOP |   RS_PRV |    IO_RD |
  |--------|----------|----------|----------|----------|----------|----------|----------|----------|----------|---------|----------|----------|---------|----------|----------|----------|
  |    242 | 00000000 | 00000000 | 00000000 | 00000001 | 2000002a | 00000000 | 00000000 | 2000002a | 00000000 |      01 | 0000002a | 00000000 |      00 | 00000000 | 00000000 | 00000000 |
  |    502 | 00000000 | 00000000 | 00000000 | 00000002 | 20000025 | 00000001 | 00000000 | 20000025 | 00000000 |      02 | 00000025 | 0000002a |      00 | 00000000 | 00000000 | 00000000 |
  |    782 | 00000000 | 00000000 | 00000000 | 00000003 | 50100000 | 00000025 | 00000000 | 0000002a | 0000002a |      00 | 00000000 | 00000000 |      00 | 00000000 | 00000000 | 00000000 |
  |   1042 | 00000000 | 00000000 | 00000000 | 00000004 | 20000018 | 00000003 | 00000000 | 20000018 | 0000002a |      01 | 00000018 | 00000000 |      00 | 00000000 | 00000000 | 00000000 |
  |   1302 | 00000000 | 00000000 | 00000000 | 00000005 | 20000026 | 00000004 | 00000000 | 20000026 | 0000002a |      02 | 00000026 | 00000018 |      00 | 00000000 | 00000000 | 00000000 |
  |   1582 | 00000000 | 00000000 | 00000000 | 00000006 | 50100000 | 00000026 | 00000000 | 00000018 | 00000018 |      00 | 00000000 | 00000000 |      00 | 00000000 | 00000000 | 00000000 |
  |   1842 | 00000000 | 00000000 | 00000000 | 00000007 | 20000025 | 00000006 | 00000000 | 20000025 | 00000018 |      01 | 00000025 | 00000000 |      00 | 00000000 | 00000000 | 00000000 |
  |   2082 | 00000000 | 00000000 | 00000000 | 00000008 | 50000000 | 00000025 | 00000000 | 0000002a | 00000018 |      01 | 0000002a | 00000000 |      00 | 00000000 | 00000000 | 00000000 |
  |   2342 | 00000000 | 00000000 | 00000000 | 00000009 | 20000012 | 00000008 | 00000000 | 20000012 | 00000018 |      02 | 00000012 | 0000002a |      00 | 00000000 | 00000000 | 00000000 |
  |   2622 | 00000000 | 00000000 | 00000000 | 0000000a | 00300000 | 00000009 | 00000000 | 00300000 | 00000018 |      00 | 00000000 | 00000000 |      00 | 00000000 | 00000000 | 00000000 |
  |   2882 | 00000000 | 00000000 | 00000000 | 0000000b | 2000000a | 0000000a | 00000000 | 2000000a | 00000018 |      01 | 0000000a | 00000000 |      00 | 00000000 | 00000000 | 00000000 |
  |   3142 | 00000000 | 00000000 | 00000000 | 0000000c | 20000011 | 0000000b | 00000000 | 20000011 | 00000018 |      02 | 00000011 | 0000000a |      00 | 00000000 | 00000000 | 00000000 |
  |   3422 | 00000000 | 00000000 | 00000000 | 0000000d | 00300000 | 0000000c | 00000000 | 00300000 | 00000018 |      00 | 00000000 | 00000000 |      00 | 00000000 | 00000000 | 00000000 |
  |   3682 | 00000000 | 00000000 | 00000000 | 0000000e | 20000026 | 0000000d | 00000000 | 20000026 | 00000018 |      01 | 00000026 | 00000000 |      00 | 00000000 | 00000000 | 00000000 |
  |   3922 | 00000000 | 00000000 | 00000000 | 0000000f | 50000000 | 00000026 | 00000000 | 00000018 | 00000018 |      01 | 00000018 | 00000000 |      00 | 00000000 | 00000000 | 00000000 |
  |   4182 | 00000000 | 00000000 | 00000000 | 00000010 | 20000012 | 0000000f | 00000000 | 20000012 | 00000018 |      02 | 00000012 | 00000018 |      00 | 00000000 | 00000000 | 00000000 |
  |   4462 | 00000000 | 00000000 | 00000000 | 00000011 | 00300000 | 00000010 | 00000000 | 00300000 | 00000018 |      00 | 00000000 | 00000000 |      00 | 00000000 | 00000000 | 00000000 |
  |   4722 | 00000000 | 00000000 | 00000000 | 00000012 | 2000000a | 00000011 | 00000000 | 2000000a | 00000018 |      01 | 0000000a | 00000000 |      00 | 00000000 | 00000000 | 00000000 |
  |   4982 | 00000000 | 00000000 | 00000000 | 00000013 | 20000011 | 00000012 | 00000000 | 20000011 | 00000018 |      02 | 00000011 | 0000000a |      00 | 00000000 | 00000000 | 00000000 |
  |   5262 | 00000000 | 00000000 | 00000000 | 00000014 | 00300000 | 00000013 | 00000000 | 00300000 | 00000018 |      00 | 00000000 | 00000000 |      00 | 00000000 | 00000000 | 00000000 |
  |   5522 | 00000000 | 00000000 | 00000000 | 00000015 | 20000025 | 00000014 | 00000000 | 20000025 | 00000018 |      01 | 00000025 | 00000000 |      00 | 00000000 | 00000000 | 00000000 |
  |   5762 | 00000000 | 00000000 | 00000000 | 00000016 | 50000000 | 00000025 | 00000000 | 0000002a | 00000018 |      01 | 0000002a | 00000000 |      00 | 00000000 | 00000000 | 00000000 |
  |   6022 | 00000000 | 00000000 | 00000000 | 00000017 | 20000026 | 00000016 | 00000000 | 20000026 | 00000018 |      02 | 00000026 | 0000002a |      00 | 00000000 | 00000000 | 00000000 |
  |   6362 | 00000000 | 00000000 | 00000000 | 00000018 | 20600000 | 00000017 | 00000000 | 20600000 | 00000018 |      02 | 0000002a | 00000026 |      00 | 00000000 | 00000000 | 00000000 |
  |   6642 | 00000000 | 00000000 | 00000000 | 00000019 | 20400000 | 00000018 | 00000000 | 20400000 | 00000018 |      03 | 00000026 | 0000002a |      00 | 00000000 | 00000000 | 00000000 |
  |   6882 | 00000000 | 00000000 | 00000000 | 0000001a | 50000000 | 00000026 | 00000000 | 00000018 | 00000018 |      03 | 00000018 | 0000002a |      00 | 00000000 | 00000000 | 00000000 |
  |   7142 | 00000000 | 00000000 | 00000000 | 0000001b | 10000000 | 0000001a | 00000000 | 10000000 | 00000018 |      02 | 00000042 | 00000026 |      00 | 00000000 | 00000000 | 00000000 |
  |   7482 | 00000000 | 00000000 | 00000000 | 0000001c | 20600000 | 0000001b | 00000000 | 20600000 | 00000018 |      02 | 00000026 | 00000042 |      00 | 00000000 | 00000000 | 00000000 |
  |   7762 | 00000000 | 00000000 | 00000000 | 0000001d | 50100000 | 00000026 | 00000000 | 00000042 | 00000042 |      00 | 00000000 | 00000000 |      00 | 00000000 | 00000000 | 00000000 |
  |   8022 | 00000000 | 00000000 | 00000000 | 0000001e | 20000026 | 0000001d | 00000000 | 20000026 | 00000042 |      01 | 00000026 | 00000000 |      00 | 00000000 | 00000000 | 00000000 |
  |   8262 | 00000000 | 00000000 | 00000000 | 0000001f | 50000000 | 00000026 | 00000000 | 00000042 | 00000042 |      01 | 00000042 | 00000000 |      00 | 00000000 | 00000000 | 00000000 |
  |   8522 | 00000000 | 00000000 | 00000000 | 00000020 | 20000012 | 0000001f | 00000000 | 20000012 | 00000042 |      02 | 00000012 | 00000042 |      00 | 00000000 | 00000000 | 00000000 |
  |   8802 | 00000000 | 00000000 | 00000000 | 00000021 | 00300000 | 00000020 | 00000000 | 00300000 | 00000042 |      00 | 00000000 | 00000000 |      00 | 00000000 | 00000000 | 00000000 |
  |   9062 | 00000000 | 00000000 | 00000000 | 00000022 | 2000000a | 00000021 | 00000000 | 2000000a | 00000042 |      01 | 0000000a | 00000000 |      00 | 00000000 | 00000000 | 00000000 |
  |   9322 | 00000000 | 00000000 | 00000000 | 00000023 | 20000011 | 00000022 | 00000000 | 20000011 | 00000042 |      02 | 00000011 | 0000000a |      00 | 00000000 | 00000000 | 00000000 |
  |   9602 | 00000000 | 00000000 | 00000000 | 00000024 | 00300000 | 00000023 | 00000000 | 00300000 | 00000042 |      00 | 00000000 | 00000000 |      00 | 00000000 | 00000000 | 00000000 |
out_compiled: |-
  000: <ISTKPSH>(I|42)
  001: <ISTKPSH>(I|37)
  002: <STORE>
  003: <ISTKPSH>(I|24)
  004: <ISTKPSH>(I|38)
  005: <STORE>
  006: <ISTKPSH>(I|37)
  007: <FETCH>
  008: <ISTKPSH>(I|18)
  009: <OUT>
  010: <ISTKPSH>(I|10)
  011: <ISTKPSH>(I|17)
  012: <OUT>
  013: <ISTKPSH>(I|38)
  014: <FETCH>
  015: <ISTKPSH>(I|18)
  016: <OUT>
  017: <ISTKPSH>(I|10)
  018: <ISTKPSH>(I|17)
  019: <OUT>
  020: <ISTKPSH>(I|37)
  021: <FETCH>
  022: <ISTKPSH>(I|38)
  023: <STKSWP>
  024: <STKOVR>
  025: <FETCH>
  026: <ADD>
  027: <STKSWP>
  028: <STORE>
  029: <ISTKPSH>(I|38)
  030: <FETCH>
  031: <ISTKPSH>(I|18)
  032: <OUT>
  033: <ISTKPSH>(I|10)
  034: <ISTKPSH>(I|17)
  035: <OUT>
  036: <HLT>
logs: |
  [INFO] src.machine.components.RAM: at 741 WRITE [0x25] = 0000002a
  [INFO] src.machine.components.RAM: at 1541 WRITE [0x26] = 00000018
  [INFO] machine.io.dev_printer: at 2582 WRITE DEV 10 REG 02 VAL 0000002a
  [INFO] machine.io.dev_printer: at 3382 WRITE DEV 10 REG 01 VAL 0000000a
  [INFO] machine.io.dev_printer: at 4422 WRITE DEV 10 REG 02 VAL 00000018
  [INFO] machine.io.dev_printer: at 5222 WRITE DEV 10 REG 01 VAL 0000000a
  [INFO] src.machine.components.RAM: at 7721 WRITE [0x26] = 00000042
  [INFO] machine.io.dev_printer: at 8762 WRITE DEV 10 REG 02 VAL 00000042
  [INFO] machine.io.dev_printer: at 9562 WRITE DEV 10 REG 01 VAL 0000000a
