in_forth: |-
  : test-repeat 0 begin 101 <> while key dup emit repeat ; 
  test-repeat
  halt
in_stdin: abcdef.
out_stdout: abcde
out_trace: |-
  |   TIME |        A |        B |        C | IP       | CR       | AR       | PS       | DRR      |      DRW |   DS_SP | DS_TOP   |   DS_PRV |   RS_SP |   RS_TOP |   RS_PRV |    IO_RD |
  |--------|----------|----------|----------|----------|----------|----------|----------|----------|----------|---------|----------|----------|---------|----------|----------|----------|
  |    282 | 00000000 | 00000000 | 00000000 | 00000002 | 40300001 | 00000000 | 00000000 | 40300001 | 00000000 |      00 | 00000000 | 00000000 |      01 | 00000001 | 00000000 | 00000000 |
  |    542 | 00000000 | 00000000 | 00000000 | 00000003 | 20000000 | 00000002 | 00000000 | 20000000 | 00000000 |      01 | 00000000 | 00000000 |      01 | 00000001 | 00000000 | 00000000 |
  |    802 | 00000000 | 00000000 | 00000000 | 00000004 | 20000065 | 00000003 | 00000000 | 20000065 | 00000000 |      02 | 00000065 | 00000000 |      01 | 00000001 | 00000000 | 00000000 |
  |   1062 | 00000000 | 00000000 | 00000000 | 00000005 | 30400000 | 00000004 | 0000000a | 30400000 | 00000000 |      01 | 00000000 | 00000000 |      01 | 00000001 | 00000000 | 00000000 |
  |   1382 | 00000000 | 00000000 | 00000000 | 00000006 | 10700000 | 00000005 | 0000000a | 10700000 | 00000000 |      01 | ffffffff | 00000000 |      01 | 00000001 | 00000000 | 00000000 |
  |   1662 | 00000000 | 00000000 | 00000000 | 00000007 | 40200006 | 00000006 | 0000000a | 40200006 | 00000000 |      00 | 00000000 | 00000000 |      01 | 00000001 | 00000000 | 00000000 |
  |   1922 | 00000000 | 00000000 | 00000000 | 00000008 | 20000021 | 00000007 | 0000000a | 20000021 | 00000000 |      01 | 00000021 | 00000000 |      01 | 00000001 | 00000000 | 00000000 |
  |   2182 | 00000000 | 00000000 | 00000000 | 00000009 | 00200000 | 00000008 | 0000000a | 00200000 | 00000000 |      01 | 00000061 | 00000000 |      01 | 00000001 | 00000000 | 00000061 |
  |   2482 | 00000000 | 00000000 | 00000000 | 0000000a | 20500000 | 00000009 | 0000000a | 20500000 | 00000000 |      02 | 00000061 | 00000061 |      01 | 00000001 | 00000000 | 00000061 |
  |   2742 | 00000000 | 00000000 | 00000000 | 0000000b | 20000011 | 0000000a | 0000000a | 20000011 | 00000000 |      03 | 00000011 | 00000061 |      01 | 00000001 | 00000000 | 00000061 |
  |   3022 | 00000000 | 00000000 | 00000000 | 0000000c | 00300000 | 0000000b | 0000000a | 00300000 | 00000000 |      01 | 00000061 | 00000000 |      01 | 00000001 | 00000000 | 00000061 |
  |   3282 | 00000000 | 00000000 | 00000000 | 00000003 | 4010fff6 | 0000000c | 0000000a | 4010fff6 | 00000000 |      01 | 00000061 | 00000000 |      01 | 00000001 | 00000000 | 00000061 |
  |   3542 | 00000000 | 00000000 | 00000000 | 00000004 | 20000065 | 00000003 | 0000000a | 20000065 | 00000000 |      02 | 00000065 | 00000061 |      01 | 00000001 | 00000000 | 00000061 |
  |   3802 | 00000000 | 00000000 | 00000000 | 00000005 | 30400000 | 00000004 | 0000000a | 30400000 | 00000000 |      01 | 00000000 | 00000000 |      01 | 00000001 | 00000000 | 00000061 |
  |   4122 | 00000000 | 00000000 | 00000000 | 00000006 | 10700000 | 00000005 | 0000000a | 10700000 | 00000000 |      01 | ffffffff | 00000000 |      01 | 00000001 | 00000000 | 00000061 |
  |   4402 | 00000000 | 00000000 | 00000000 | 00000007 | 40200006 | 00000006 | 0000000a | 40200006 | 00000000 |      00 | 00000000 | 00000000 |      01 | 00000001 | 00000000 | 00000061 |
  |   4662 | 00000000 | 00000000 | 00000000 | 00000008 | 20000021 | 00000007 | 0000000a | 20000021 | 00000000 |      01 | 00000021 | 00000000 |      01 | 00000001 | 00000000 | 00000061 |
  |   4922 | 00000000 | 00000000 | 00000000 | 00000009 | 00200000 | 00000008 | 0000000a | 00200000 | 00000000 |      01 | 00000062 | 00000000 |      01 | 00000001 | 00000000 | 00000062 |
  |   5222 | 00000000 | 00000000 | 00000000 | 0000000a | 20500000 | 00000009 | 0000000a | 20500000 | 00000000 |      02 | 00000062 | 00000062 |      01 | 00000001 | 00000000 | 00000062 |
  |   5482 | 00000000 | 00000000 | 00000000 | 0000000b | 20000011 | 0000000a | 0000000a | 20000011 | 00000000 |      03 | 00000011 | 00000062 |      01 | 00000001 | 00000000 | 00000062 |
  |   5762 | 00000000 | 00000000 | 00000000 | 0000000c | 00300000 | 0000000b | 0000000a | 00300000 | 00000000 |      01 | 00000062 | 00000000 |      01 | 00000001 | 00000000 | 00000062 |
  |   6022 | 00000000 | 00000000 | 00000000 | 00000003 | 4010fff6 | 0000000c | 0000000a | 4010fff6 | 00000000 |      01 | 00000062 | 00000000 |      01 | 00000001 | 00000000 | 00000062 |
  |   6282 | 00000000 | 00000000 | 00000000 | 00000004 | 20000065 | 00000003 | 0000000a | 20000065 | 00000000 |      02 | 00000065 | 00000062 |      01 | 00000001 | 00000000 | 00000062 |
  |   6542 | 00000000 | 00000000 | 00000000 | 00000005 | 30400000 | 00000004 | 0000000a | 30400000 | 00000000 |      01 | 00000000 | 00000000 |      01 | 00000001 | 00000000 | 00000062 |
  |   6862 | 00000000 | 00000000 | 00000000 | 00000006 | 10700000 | 00000005 | 0000000a | 10700000 | 00000000 |      01 | ffffffff | 00000000 |      01 | 00000001 | 00000000 | 00000062 |
  |   7142 | 00000000 | 00000000 | 00000000 | 00000007 | 40200006 | 00000006 | 0000000a | 40200006 | 00000000 |      00 | 00000000 | 00000000 |      01 | 00000001 | 00000000 | 00000062 |
  |   7402 | 00000000 | 00000000 | 00000000 | 00000008 | 20000021 | 00000007 | 0000000a | 20000021 | 00000000 |      01 | 00000021 | 00000000 |      01 | 00000001 | 00000000 | 00000062 |
  |   7662 | 00000000 | 00000000 | 00000000 | 00000009 | 00200000 | 00000008 | 0000000a | 00200000 | 00000000 |      01 | 00000063 | 00000000 |      01 | 00000001 | 00000000 | 00000063 |
  |   7962 | 00000000 | 00000000 | 00000000 | 0000000a | 20500000 | 00000009 | 0000000a | 20500000 | 00000000 |      02 | 00000063 | 00000063 |      01 | 00000001 | 00000000 | 00000063 |
  |   8222 | 00000000 | 00000000 | 00000000 | 0000000b | 20000011 | 0000000a | 0000000a | 20000011 | 00000000 |      03 | 00000011 | 00000063 |      01 | 00000001 | 00000000 | 00000063 |
  |   8502 | 00000000 | 00000000 | 00000000 | 0000000c | 00300000 | 0000000b | 0000000a | 00300000 | 00000000 |      01 | 00000063 | 00000000 |      01 | 00000001 | 00000000 | 00000063 |
  |   8762 | 00000000 | 00000000 | 00000000 | 00000003 | 4010fff6 | 0000000c | 0000000a | 4010fff6 | 00000000 |      01 | 00000063 | 00000000 |      01 | 00000001 | 00000000 | 00000063 |
  |   9022 | 00000000 | 00000000 | 00000000 | 00000004 | 20000065 | 00000003 | 0000000a | 20000065 | 00000000 |      02 | 00000065 | 00000063 |      01 | 00000001 | 00000000 | 00000063 |
  |   9282 | 00000000 | 00000000 | 00000000 | 00000005 | 30400000 | 00000004 | 0000000a | 30400000 | 00000000 |      01 | 00000000 | 00000000 |      01 | 00000001 | 00000000 | 00000063 |
  |   9602 | 00000000 | 00000000 | 00000000 | 00000006 | 10700000 | 00000005 | 0000000a | 10700000 | 00000000 |      01 | ffffffff | 00000000 |      01 | 00000001 | 00000000 | 00000063 |
  |   9882 | 00000000 | 00000000 | 00000000 | 00000007 | 40200006 | 00000006 | 0000000a | 40200006 | 00000000 |      00 | 00000000 | 00000000 |      01 | 00000001 | 00000000 | 00000063 |
  |  10142 | 00000000 | 00000000 | 00000000 | 00000008 | 20000021 | 00000007 | 0000000a | 20000021 | 00000000 |      01 | 00000021 | 00000000 |      01 | 00000001 | 00000000 | 00000063 |
  |  10402 | 00000000 | 00000000 | 00000000 | 00000009 | 00200000 | 00000008 | 0000000a | 00200000 | 00000000 |      01 | 00000064 | 00000000 |      01 | 00000001 | 00000000 | 00000064 |
  |  10702 | 00000000 | 00000000 | 00000000 | 0000000a | 20500000 | 00000009 | 0000000a | 20500000 | 00000000 |      02 | 00000064 | 00000064 |      01 | 00000001 | 00000000 | 00000064 |
  |  10962 | 00000000 | 00000000 | 00000000 | 0000000b | 20000011 | 0000000a | 0000000a | 20000011 | 00000000 |      03 | 00000011 | 00000064 |      01 | 00000001 | 00000000 | 00000064 |
  |  11242 | 00000000 | 00000000 | 00000000 | 0000000c | 00300000 | 0000000b | 0000000a | 00300000 | 00000000 |      01 | 00000064 | 00000000 |      01 | 00000001 | 00000000 | 00000064 |
  |  11502 | 00000000 | 00000000 | 00000000 | 00000003 | 4010fff6 | 0000000c | 0000000a | 4010fff6 | 00000000 |      01 | 00000064 | 00000000 |      01 | 00000001 | 00000000 | 00000064 |
  |  11762 | 00000000 | 00000000 | 00000000 | 00000004 | 20000065 | 00000003 | 0000000a | 20000065 | 00000000 |      02 | 00000065 | 00000064 |      01 | 00000001 | 00000000 | 00000064 |
  |  12022 | 00000000 | 00000000 | 00000000 | 00000005 | 30400000 | 00000004 | 0000000a | 30400000 | 00000000 |      01 | 00000000 | 00000000 |      01 | 00000001 | 00000000 | 00000064 |
  |  12342 | 00000000 | 00000000 | 00000000 | 00000006 | 10700000 | 00000005 | 0000000a | 10700000 | 00000000 |      01 | ffffffff | 00000000 |      01 | 00000001 | 00000000 | 00000064 |
  |  12622 | 00000000 | 00000000 | 00000000 | 00000007 | 40200006 | 00000006 | 0000000a | 40200006 | 00000000 |      00 | 00000000 | 00000000 |      01 | 00000001 | 00000000 | 00000064 |
  |  12882 | 00000000 | 00000000 | 00000000 | 00000008 | 20000021 | 00000007 | 0000000a | 20000021 | 00000000 |      01 | 00000021 | 00000000 |      01 | 00000001 | 00000000 | 00000064 |
  |  13142 | 00000000 | 00000000 | 00000000 | 00000009 | 00200000 | 00000008 | 0000000a | 00200000 | 00000000 |      01 | 00000065 | 00000000 |      01 | 00000001 | 00000000 | 00000065 |
  |  13442 | 00000000 | 00000000 | 00000000 | 0000000a | 20500000 | 00000009 | 0000000a | 20500000 | 00000000 |      02 | 00000065 | 00000065 |      01 | 00000001 | 00000000 | 00000065 |
  |  13702 | 00000000 | 00000000 | 00000000 | 0000000b | 20000011 | 0000000a | 0000000a | 20000011 | 00000000 |      03 | 00000011 | 00000065 |      01 | 00000001 | 00000000 | 00000065 |
  |  13982 | 00000000 | 00000000 | 00000000 | 0000000c | 00300000 | 0000000b | 0000000a | 00300000 | 00000000 |      01 | 00000065 | 00000000 |      01 | 00000001 | 00000000 | 00000065 |
  |  14242 | 00000000 | 00000000 | 00000000 | 00000003 | 4010fff6 | 0000000c | 0000000a | 4010fff6 | 00000000 |      01 | 00000065 | 00000000 |      01 | 00000001 | 00000000 | 00000065 |
  |  14502 | 00000000 | 00000000 | 00000000 | 00000004 | 20000065 | 00000003 | 0000000a | 20000065 | 00000000 |      02 | 00000065 | 00000065 |      01 | 00000001 | 00000000 | 00000065 |
  |  14762 | 00000000 | 00000000 | 00000000 | 00000005 | 30400000 | 00000004 | 00000005 | 30400000 | 00000000 |      01 | 00000001 | 00000000 |      01 | 00000001 | 00000000 | 00000065 |
  |  15082 | 00000000 | 00000000 | 00000000 | 00000006 | 10700000 | 00000005 | 00000005 | 10700000 | 00000000 |      01 | fffffffe | 00000000 |      01 | 00000001 | 00000000 | 00000065 |
  |  15382 | 00000000 | 00000000 | 00000000 | 0000000d | 40200006 | 00000006 | 00000005 | 40200006 | 00000000 |      00 | 00000000 | 00000000 |      01 | 00000001 | 00000000 | 00000065 |
  |  15642 | 00000000 | 00000000 | 00000000 | 00000001 | 40400000 | 0000000d | 00000005 | 40400000 | 00000000 |      00 | 00000000 | 00000000 |      00 | 00000000 | 00000000 | 00000065 |
out_compiled: |-
  000: <RCALL>(I|1)
  001: <HLT>
  002: <ISTKPSH>(I|0)
  003: <ISTKPSH>(I|101)
  004: <CEQ>
  005: <INV>
  006: <CJMP>(I|6)
  007: <ISTKPSH>(I|33)
  008: <IN>
  009: <STKDUP>
  010: <ISTKPSH>(I|17)
  011: <OUT>
  012: <RJMP>(I|-10)
  013: <RET>
logs: |
  [INFO] machine.io.dev_keyboard: READ DEV 20 REG 01 2142 0
  [INFO] machine.io.io_controller: IOCTRL READ FROM 0021 is 00000061
  [INFO] machine.io.dev_printer: at 2982 WRITE DEV 10 REG 01 VAL 00000061
  [INFO] machine.io.dev_keyboard: READ DEV 20 REG 01 4882 2142
  [INFO] machine.io.io_controller: IOCTRL READ FROM 0021 is 00000062
  [INFO] machine.io.dev_printer: at 5722 WRITE DEV 10 REG 01 VAL 00000062
  [INFO] machine.io.dev_keyboard: READ DEV 20 REG 01 7622 4882
  [INFO] machine.io.io_controller: IOCTRL READ FROM 0021 is 00000063
  [INFO] machine.io.dev_printer: at 8462 WRITE DEV 10 REG 01 VAL 00000063
  [INFO] machine.io.dev_keyboard: READ DEV 20 REG 01 10362 7622
  [INFO] machine.io.io_controller: IOCTRL READ FROM 0021 is 00000064
  [INFO] machine.io.dev_printer: at 11202 WRITE DEV 10 REG 01 VAL 00000064
  [INFO] machine.io.dev_keyboard: READ DEV 20 REG 01 13102 10362
  [INFO] machine.io.io_controller: IOCTRL READ FROM 0021 is 00000065
  [INFO] machine.io.dev_printer: at 13942 WRITE DEV 10 REG 01 VAL 00000065
